#-----------------------------------------------------------
# xsim v2020.2 (64-bit)
# SW Build 3064766 on Wed Nov 18 09:12:45 MST 2020
# IP Build 3064653 on Wed Nov 18 14:17:31 MST 2020
# Start of session at: Wed Aug 26 15:31:00 2026
# Process ID: 121976
# Current directory: E:/projects/spi-fyp
# Command line: xsim.exe -source {xsim.dir/spi_master_tb_sim/xsim_script.tcl}
# Log file: E:/projects/spi-fyp/xsim.log
# Journal file: E:/projects/spi-fyp\xsim.jou
#-----------------------------------------------------------
start_gui
source xsim.dir/spi_master_tb_sim/xsim_script.tcl
# set_param project.enableReportConfiguration 0
# load_feature core
# current_fileset
INFO: [IP_Flow 19-234] Refreshing IP repositories
INFO: [IP_Flow 19-1704] No user IP repositories specified
INFO: [IP_Flow 19-2313] Loaded Vivado IP repository 'E:/Vivado/Xilinx/Vivado/2020.2/data/ip'.
# xsim {spi_master_tb_sim} -autoloadwcfg
Vivado Simulator 2020.2
Time resolution is 1 ps
add_wave {{/spi_master_tb/slave_sel}} {{/spi_master_tb/tx_data}} {{/spi_master_tb/busy}} {{/spi_master_tb/done}} {{/spi_master_tb/rx_data}} {{/spi_master_tb/sclk}} {{/spi_master_tb/mosi}} {{/spi_master_tb/miso}} {{/spi_master_tb/csb_n}} {{/spi_master_tb/slave_received_data}} 
ERROR: [Simulator 45-9] The current simulation was compiled without trace information.  To capture and view waveform data, please recompile the design with -debug all or typical.
add_wave {{/spi_master_tb/clk}} {{/spi_master_tb/rst_n}} {{/spi_master_tb/start}} {{/spi_master_tb/slave_sel}} {{/spi_master_tb/tx_data}} {{/spi_master_tb/busy}} {{/spi_master_tb/done}} {{/spi_master_tb/rx_data}} {{/spi_master_tb/sclk}} {{/spi_master_tb/mosi}} {{/spi_master_tb/miso}} {{/spi_master_tb/csb_n}} {{/spi_master_tb/slave_received_data}} 
ERROR: [Simulator 45-9] The current simulation was compiled without trace information.  To capture and view waveform data, please recompile the design with -debug all or typical.
