#-----------------------------------------------------------
# xsim v2020.2 (64-bit)
# SW Build 3064766 on Wed Nov 18 09:12:45 MST 2020
# IP Build 3064653 on Wed Nov 18 14:17:31 MST 2020
# Start of session at: Wed Aug 26 15:40:47 2026
# Process ID: 112320
# Current directory: E:/projects/spi-fyp
# Command line: xsim.exe -mode tcl -source {xsim.dir/spi_master_tb_sim/xsim_script.tcl}
# Log file: E:/projects/spi-fyp/xsim.log
# Journal file: E:/projects/spi-fyp\xsim.jou
#-----------------------------------------------------------
source xsim.dir/spi_master_tb_sim/xsim_script.tcl
# xsim {spi_master_tb_sim} -autoloadwcfg -runall
Vivado Simulator 2020.2
Time resolution is 1 ps
run -all
PASS: Master received 0x3c
PASS: Slave received 0xa5
$finish called at time : 756 ns : File "E:/projects/spi-fyp/tb/spi_master_tb.sv" Line 175
exit
INFO: [Common 17-206] Exiting xsim at Wed Aug 26 15:40:49 2026...
