#-----------------------------------------------------------
# xsim v2020.2 (64-bit)
# SW Build 3064766 on Wed Nov 18 09:12:45 MST 2020
# IP Build 3064653 on Wed Nov 18 14:17:31 MST 2020
# Start of session at: Wed Aug 26 15:28:50 2026
# Process ID: 119608
# Current directory: E:/projects/spi-fyp
# Command line: xsim.exe -mode tcl -source {xsim.dir/spi_master_tb_sim/xsim_script.tcl}
# Log file: E:/projects/spi-fyp/xsim.log
# Journal file: E:/projects/spi-fyp\xsim.jou
#-----------------------------------------------------------
source xsim.dir/spi_master_tb_sim/xsim_script.tcl
# xsim {spi_master_tb_sim} -autoloadwcfg -runall
Vivado Simulator 2020.2
Time resolution is 1 ps
run -all
INFO: [Common 17-41] Interrupt caught. Command should exit soon.
run: Time (s): cpu = 00:00:01 ; elapsed = 00:01:53 . Memory (MB): peak = 916.684 ; gain = 0.000
INFO: [Common 17-344] 'run' was cancelled
exit
INFO: [Common 17-206] Exiting xsim at Wed Aug 26 15:30:47 2026...
