Creating directory checkDesign.
**WARN: (IMPREPO-205):	There are 17 Cells with missing PG PIN.
Begin checking placement ... (start mem=1200.9M, init mem=1201.9M)
*info: Recommended don't use cell = 0           
*info: Placed = 0             
*info: Unplaced = 94          
Placement Density:70.07%(5660/8078)
Placement Density (including fixed std cells):70.07%(5660/8078)
Finished checkPlace (total: cpu=0:00:00.0, real=0:00:01.0; vio checks: cpu=0:00:00.0, real=0:00:00.0; mem=1201.9M)
Design: spi_slave_full_io_pad_wrapper

------ Design Summary:
Total Standard Cell Number   (cells) : 94
Total Block Cell Number      (cells) : 0
Total I/O Pad Cell Number    (cells) : 4
Total Standard Cell Area     ( um^2) : 5660.48
Total Block Cell Area        ( um^2) : 0.00
Total I/O Pad Cell Area      ( um^2) : 38400.00

------ Design Statistics:

Number of Instances            : 98
Number of Non-uniquified Insts : 87
Number of Nets                 : 123
Average number of Pins per Net : 3.36
Maximum number of Pins in Net  : 38

------ I/O Port summary

Number of Primary I/O Ports    : 37
Number of Input Ports          : 16
Number of Output Ports         : 17
Number of Bidirectional Ports  : 4
Number of Power/Ground Ports   : 0
Number of Floating Ports                     *: 0
Number of Ports Connected to Multiple Pads   *: 0
Number of Ports Connected to Core Instances   : 33
**WARN: (IMPREPO-202):	There are 33 Ports connected to core instances.

------ Design Rule Checking:

Number of Output Pins connect to Power/Ground *: 0
Number of Insts with Input Pins tied together ?: 6
Number of TieHi/Lo term nets not connected to instance's PG terms ?: 0
**WARN: (IMPDB-2136):	Input term 'IE' of Io  instance 'u_sclk_pad' does not connect to a 'TieHi ' net. The netlist is not correct or the net for connecting tie high/low signals is not specified. To resolve this problem, check your netlist or run globalNetConnect to specify the tie high/low signal nets.
**WARN: (IMPDB-2136):	Input term 'PE' of Io  instance 'u_sclk_pad' does not connect to a 'TieLo ' net. The netlist is not correct or the net for connecting tie high/low signals is not specified. To resolve this problem, check your netlist or run globalNetConnect to specify the tie high/low signal nets.
**WARN: (IMPDB-2136):	Input term 'OEN' of Io  instance 'u_sclk_pad' does not connect to a 'TieHi ' net. The netlist is not correct or the net for connecting tie high/low signals is not specified. To resolve this problem, check your netlist or run globalNetConnect to specify the tie high/low signal nets.
**WARN: (IMPDB-2136):	Input term 'DS' of Io  instance 'u_sclk_pad' does not connect to a 'TieHi ' net. The netlist is not correct or the net for connecting tie high/low signals is not specified. To resolve this problem, check your netlist or run globalNetConnect to specify the tie high/low signal nets.
**WARN: (IMPDB-2136):	Input term 'I' of Io  instance 'u_sclk_pad' does not connect to a 'TieLo ' net. The netlist is not correct or the net for connecting tie high/low signals is not specified. To resolve this problem, check your netlist or run globalNetConnect to specify the tie high/low signal nets.
**WARN: (IMPDB-2136):	Input term 'IE' of Io  instance 'u_mosi_pad' does not connect to a 'TieHi ' net. The netlist is not correct or the net for connecting tie high/low signals is not specified. To resolve this problem, check your netlist or run globalNetConnect to specify the tie high/low signal nets.
**WARN: (IMPDB-2136):	Input term 'PE' of Io  instance 'u_mosi_pad' does not connect to a 'TieLo ' net. The netlist is not correct or the net for connecting tie high/low signals is not specified. To resolve this problem, check your netlist or run globalNetConnect to specify the tie high/low signal nets.
**WARN: (IMPDB-2136):	Input term 'OEN' of Io  instance 'u_mosi_pad' does not connect to a 'TieHi ' net. The netlist is not correct or the net for connecting tie high/low signals is not specified. To resolve this problem, check your netlist or run globalNetConnect to specify the tie high/low signal nets.
**WARN: (IMPDB-2136):	Input term 'DS' of Io  instance 'u_mosi_pad' does not connect to a 'TieHi ' net. The netlist is not correct or the net for connecting tie high/low signals is not specified. To resolve this problem, check your netlist or run globalNetConnect to specify the tie high/low signal nets.
**WARN: (IMPDB-2136):	Input term 'I' of Io  instance 'u_mosi_pad' does not connect to a 'TieLo ' net. The netlist is not correct or the net for connecting tie high/low signals is not specified. To resolve this problem, check your netlist or run globalNetConnect to specify the tie high/low signal nets.
**WARN: (IMPDB-2136):	Input term 'IE' of Io  instance 'u_miso_pad' does not connect to a 'TieLo ' net. The netlist is not correct or the net for connecting tie high/low signals is not specified. To resolve this problem, check your netlist or run globalNetConnect to specify the tie high/low signal nets.
**WARN: (IMPDB-2136):	Input term 'PE' of Io  instance 'u_miso_pad' does not connect to a 'TieLo ' net. The netlist is not correct or the net for connecting tie high/low signals is not specified. To resolve this problem, check your netlist or run globalNetConnect to specify the tie high/low signal nets.
**WARN: (IMPDB-2136):	Input term 'DS' of Io  instance 'u_miso_pad' does not connect to a 'TieHi ' net. The netlist is not correct or the net for connecting tie high/low signals is not specified. To resolve this problem, check your netlist or run globalNetConnect to specify the tie high/low signal nets.
**WARN: (IMPDB-2136):	Input term 'IE' of Io  instance 'u_csb_pad' does not connect to a 'TieHi ' net. The netlist is not correct or the net for connecting tie high/low signals is not specified. To resolve this problem, check your netlist or run globalNetConnect to specify the tie high/low signal nets.
**WARN: (IMPDB-2136):	Input term 'PE' of Io  instance 'u_csb_pad' does not connect to a 'TieLo ' net. The netlist is not correct or the net for connecting tie high/low signals is not specified. To resolve this problem, check your netlist or run globalNetConnect to specify the tie high/low signal nets.
**WARN: (IMPDB-2136):	Input term 'OEN' of Io  instance 'u_csb_pad' does not connect to a 'TieHi ' net. The netlist is not correct or the net for connecting tie high/low signals is not specified. To resolve this problem, check your netlist or run globalNetConnect to specify the tie high/low signal nets.
**WARN: (IMPDB-2136):	Input term 'DS' of Io  instance 'u_csb_pad' does not connect to a 'TieHi ' net. The netlist is not correct or the net for connecting tie high/low signals is not specified. To resolve this problem, check your netlist or run globalNetConnect to specify the tie high/low signal nets.
**WARN: (IMPDB-2136):	Input term 'I' of Io  instance 'u_csb_pad' does not connect to a 'TieLo ' net. The netlist is not correct or the net for connecting tie high/low signals is not specified. To resolve this problem, check your netlist or run globalNetConnect to specify the tie high/low signal nets.
Number of Input/InOut Floating Pins            : 18
Number of Output Floating Pins                 : 0
Number of Output Term Marked TieHi/Lo         *: 0

**WARN: (IMPREPO-216):	There are 6 Instances with input pins tied together.
**WARN: (IMPREPO-218):	There are 18 Floating Instance terminals.
Number of nets with tri-state drivers          : 4
Number of nets with parallel drivers           : 0
Number of nets with multiple drivers           : 0
Number of nets with no driver (No FanIn)       : 0
Number of Output Floating nets (No FanOut)     : 4
Number of High Fanout nets (>50)               : 0
Checking for any assigns in the netlist...
  No assigns found.
Checking routing tracks.....
Checking other grids.....
Checking FINFET Grid is on Manufacture Grid.....

Checking core/die box is on Grid.....

WARNING (IMPFP-7236): DIE's corner: (330.6500000000 , 330.0000000000) is NOT on PlacementGrid,  Please use command getFPlanMode to check current Grid settings, use command setFPlanMode to change which grid to snap to. And use command get_snap_grid_info to get grids' offset and pitch. Command floorplan can be used to fix this issue.
WARNING (IMPFP-7238): CORE's  corner:	(210.6500000000 , 210.0000000000)  is	NOT on PlacementGrid. You can use the getFPlanMode command to check the current grid settings and use the setFPlanMode command to  change the grid to snap to. You can also use the get_snap_grid_info command to get information on the offset and pitch of the current snap grid. To resolve this issue, use the floorPlan command.
Checking snap rule ......

Checking Row is on grid......

Checking AreaIO row.....
Checking routing blockage.....
Checking components.....
Checking constraints (guide/region/fence).....
Checking groups.....
Checking Ptn Core Box.....

Checking Preroutes.....
No. of regular pre-routes not on tracks : 0 
 Design check done.
Report saved in file checkDesign/spi_slave_full_io_pad_wrapper.main.htm.ascii

*** Summary of all messages that are not suppressed in this session:
Severity  ID               Count  Summary                                  
WARNING   IMPDB-2136          18  %s term '%s' of %s instance '%s' does no...
WARNING   IMPREPO-202          1  There are %d Ports connected to core ins...
WARNING   IMPREPO-205          1  There are %d Cells with missing PG PIN.  
WARNING   IMPREPO-216          1  There are %d Instances with input pins t...
WARNING   IMPREPO-218          1  There are %d Floating Instance terminals...
*** Message Summary: 22 warning(s), 0 error(s)

