============================================================
  Generated by:           Genus(TM) Synthesis Solution 21.14-s082_1
  Generated on:           Sep 28 2026  07:32:01 pm
  Module:                 spi_slave_full_io_pad_wrapper
  Operating conditions:   WCCOM (balanced_tree)
  Wireload mode:          segmented
  Area mode:              timing library
============================================================


Path 1: UNCONSTRAINED Late External Delay Assertion at pin miso_pad
     Startpoint: (F) csb_pad
       Endpoint: (F) miso_pad
          Clock: (R) -

                   Capture    Launch  
      Drv Adjust:+       0         0  
                                      
    Output Delay:-       0            
       Data Path:-    4051            

Exceptions/Constraints:
  output_delay              0              ou_del 

#----------------------------------------------------------------------------------------------
# Timing Point   Flags     Arc    Edge    Cell      Fanout  Load  Trans Delay Arrival Instance 
#                                                           (fF)   (ps)  (ps)   (ps)  Location 
#----------------------------------------------------------------------------------------------
  csb_pad        <<<     -        F     (arrival)        1 2313.6  1000     0       0    (-,-) 
  u_csb_pad/PAD  -       -        F     PDDW0208CSG      1      -     -     0       0    (-,-) 
  u_csb_pad/C    -       PAD->C   F     PDDW0208CSG      4   40.0   360   830     830    (-,-) 
  u_miso_pad/PAD -       OEN->PAD F     PDDW0208CSG      1 7313.6  2077  3221    4051    (-,-) 
  miso_pad       <<<     -        F     (port)           -      -     -     0    4051    (-,-) 
#----------------------------------------------------------------------------------------------

