============================================================
  Generated by:           Genus(TM) Synthesis Solution 21.14-s082_1
  Generated on:           Sep 28 2026  07:34:20 pm
  Module:                 spi_slave_full_io_pad_wrapper
  Operating conditions:   BCCOM (balanced_tree)
  Wireload mode:          segmented
  Area mode:              timing library
============================================================


Path 1: UNCONSTRAINED
     Startpoint: (F) csb_pad
       Endpoint: (R) u_spi_slave_rx_valid_reg/CDN

                   Capture    Launch  
      Drv Adjust:+       0         0  
                                      
       Data Path:-     715            

#----------------------------------------------------------------------------------------------------------
#        Timing Point          Flags    Arc   Edge    Cell      Fanout  Load  Trans Delay Arrival Instance 
#                                                                       (fF)   (ps)  (ps)   (ps)  Location 
#----------------------------------------------------------------------------------------------------------
  csb_pad                      <<<     -      F     (arrival)        1 1978.0  1000     0       0    (-,-) 
  u_csb_pad/PAD                -       -      F     PDDW0208CSG      1      -     -     0       0    (-,-) 
  u_csb_pad/C                  -       PAD->C F     PDDW0208CSG      4   43.3   209   533     533    (-,-) 
  g4626/ZN                     (a)     I->ZN  R     INVD1           27   21.9   225   182     715    (-,-) 
  u_spi_slave_rx_valid_reg/CDN <<<     -      R     DFCNQD1         27      -     -     0     715    (-,-) 
#----------------------------------------------------------------------------------------------------------

(a) : Net has asynchronous load pins which are being considered ideal.

