============================================================
  Generated by:           Genus(TM) Synthesis Solution 21.14-s082_1
  Generated on:           Sep 28 2026  07:32:01 pm
  Module:                 spi_slave_full_io_pad_wrapper
  Operating conditions:   WCCOM (balanced_tree)
  Wireload mode:          segmented
  Area mode:              timing library
============================================================


Path 1: UNCONSTRAINED Late External Delay Assertion at pin miso_pad
     Startpoint: (F) csb_pad
       Endpoint: (R) miso_pad
          Clock: (R) -

                   Capture    Launch  
      Drv Adjust:+       0         0  
                                      
    Output Delay:-       0            
       Data Path:-    6050            

Exceptions/Constraints:
  output_delay              0              ou_del 

#--------------------------------------------------------------------------------------------
# Timing Point   Flags    Arc   Edge    Cell      Fanout  Load  Trans Delay Arrival Instance 
#                                                         (fF)   (ps)  (ps)   (ps)  Location 
#--------------------------------------------------------------------------------------------
  csb_pad        <<<     -      F     (arrival)        1 2313.6  1000     0       0    (-,-) 
  u_csb_pad/PAD  -       -      F     PDDW0208CSG      1      -     -     0       0    (-,-) 
  u_csb_pad/C    -       PAD->C F     PDDW0208CSG      4   40.0   360   830     830    (-,-) 
  g4626/ZN       (a)     I->ZN  R     INVD1           27   19.9   376   307    1137    (-,-) 
  g4613__7410/ZN -       A2->ZN F     ND2D1            2   14.8   307   217    1354    (-,-) 
  g4595__1705/ZN -       A2->ZN R     NR2D2            1    5.1   224   222    1576    (-,-) 
  g4586__6260/ZN -       B2->ZN F     AOI22D1          1    9.7   361   248    1824    (-,-) 
  g4582__2398/ZN -       A3->ZN R     ND4D2            1   22.1   432   316    2140    (-,-) 
  u_miso_pad/PAD -       I->PAD R     PDDW0208CSG      1 7313.6  2029  3910    6050    (-,-) 
  miso_pad       <<<     -      R     (port)           -      -     -     0    6050    (-,-) 
#--------------------------------------------------------------------------------------------

(a) : Net has asynchronous load pins which are being considered ideal.

