============================================================
  Generated by:           Genus(TM) Synthesis Solution 21.14-s082_1
  Generated on:           Sep 28 2026  07:34:20 pm
  Module:                 spi_slave_full_io_pad_wrapper
  Operating conditions:   BCCOM (balanced_tree)
  Wireload mode:          segmented
  Area mode:              timing library
============================================================


Path 1: UNCONSTRAINED Late External Delay Assertion at pin miso_pad
     Startpoint: (F) csb_pad
       Endpoint: (R) miso_pad
          Clock: (R) -

                   Capture    Launch  
      Drv Adjust:+       0         0  
                                      
    Output Delay:-       0            
       Data Path:-    3202            

Exceptions/Constraints:
  output_delay              0              ou_del 

#--------------------------------------------------------------------------------------------
# Timing Point   Flags    Arc   Edge    Cell      Fanout  Load  Trans Delay Arrival Instance 
#                                                         (fF)   (ps)  (ps)   (ps)  Location 
#--------------------------------------------------------------------------------------------
  csb_pad        <<<     -      F     (arrival)        1 1978.0  1000     0       0    (-,-) 
  u_csb_pad/PAD  -       -      F     PDDW0208CSG      1      -     -     0       0    (-,-) 
  u_csb_pad/C    -       PAD->C F     PDDW0208CSG      4   43.3   209   533     533    (-,-) 
  g4626/ZN       (a)     I->ZN  R     INVD1           27   21.9   225   182     715    (-,-) 
  g4613__7410/ZN -       A2->ZN F     ND2D1            2   16.3   167   112     827    (-,-) 
  g4596__5122/ZN -       A2->ZN R     NR2D1            1    5.1   168   139     966    (-,-) 
  g4586__6260/ZN -       A1->ZN F     AOI22D1          1   10.7   194   104    1070    (-,-) 
  g4582__2398/ZN -       A3->ZN R     ND4D2            1   23.6   257   174    1243    (-,-) 
  u_miso_pad/PAD -       I->PAD R     PDDW0208CSG      1 6978.0   977  1959    3202    (-,-) 
  miso_pad       <<<     -      R     (port)           -      -     -     0    3202    (-,-) 
#--------------------------------------------------------------------------------------------

(a) : Net has asynchronous load pins which are being considered ideal.

