============================================================
  Generated by:           Genus(TM) Synthesis Solution 21.14-s082_1
  Generated on:           Sep 28 2026  07:34:20 pm
  Module:                 spi_slave_full_io_pad_wrapper
  Operating conditions:   BCCOM (balanced_tree)
  Wireload mode:          segmented
  Area mode:              timing library
============================================================


Path 1: UNCONSTRAINED Late External Delay Assertion at pin miso_pad
     Startpoint: (F) csb_pad
       Endpoint: (F) miso_pad
          Clock: (R) -

                   Capture    Launch  
      Drv Adjust:+       0         0  
                                      
    Output Delay:-       0            
       Data Path:-    2169            

Exceptions/Constraints:
  output_delay              0              ou_del 

#----------------------------------------------------------------------------------------------
# Timing Point   Flags     Arc    Edge    Cell      Fanout  Load  Trans Delay Arrival Instance 
#                                                           (fF)   (ps)  (ps)   (ps)  Location 
#----------------------------------------------------------------------------------------------
  csb_pad        <<<     -        F     (arrival)        1 1978.0  1000     0       0    (-,-) 
  u_csb_pad/PAD  -       -        F     PDDW0208CSG      1      -     -     0       0    (-,-) 
  u_csb_pad/C    -       PAD->C   F     PDDW0208CSG      4   43.3   209   533     533    (-,-) 
  u_miso_pad/PAD -       OEN->PAD F     PDDW0208CSG      1 6978.0  1089  1635    2169    (-,-) 
  miso_pad       <<<     -        F     (port)           -      -     -     0    2169    (-,-) 
#----------------------------------------------------------------------------------------------

