============================================================
  Generated by:           Genus(TM) Synthesis Solution 21.14-s082_1
  Generated on:           Sep 28 2026  07:53:03 pm
  Module:                 spi_slave_full_io_pad_wrapper
  Operating conditions:   NCCOM (balanced_tree)
  Wireload mode:          segmented
  Area mode:              timing library
============================================================


Path 1: UNCONSTRAINED
     Startpoint: (F) csb_pad
       Endpoint: (R) u_spi_slave_tx_bit_cnt_reg[0]/CDN

                   Capture    Launch  
      Drv Adjust:+       0         0  
                                      
       Data Path:-     837            

#---------------------------------------------------------------------------------------------------------------
#           Timing Point            Flags    Arc   Edge    Cell      Fanout  Load  Trans Delay Arrival Instance 
#                                                                            (fF)   (ps)  (ps)   (ps)  Location 
#---------------------------------------------------------------------------------------------------------------
  csb_pad                           <<<     -      F     (arrival)        1 2124.4  1000     0       0    (-,-) 
  u_csb_pad/PAD                     -       -      F     PDDW0208CSG      1      -     -     0       0    (-,-) 
  u_csb_pad/C                       -       PAD->C F     PDDW0208CSG      4   41.8   240   621     621    (-,-) 
  g4626/ZN                          (a)     I->ZN  R     INVD1           27   21.0   272   216     837    (-,-) 
  u_spi_slave_tx_bit_cnt_reg[0]/CDN <<<     -      R     DFCNQD4         27      -     -     0     837    (-,-) 
#---------------------------------------------------------------------------------------------------------------

(a) : Net has asynchronous load pins which are being considered ideal.

