============================================================
  Generated by:           Genus(TM) Synthesis Solution 21.14-s082_1
  Generated on:           Sep 13 2026  03:10:20 pm
  Module:                 spi_slave_sclk_mosi_miso_pad_wrapper
  Operating conditions:   NCCOM (balanced_tree)
  Wireload mode:          segmented
  Area mode:              timing library
============================================================


Path 1: MET (3760 ps) Setup Check with Pin u_spi_slave_rx_data_reg[0]/CP->SI
          Group: CORE_SCLK
     Startpoint: (F) mosi_pad
          Clock: (F) EXT_SCLK
       Endpoint: (F) u_spi_slave_rx_data_reg[0]/SI
          Clock: (R) CORE_SCLK

                     Capture       Launch     
        Clock Edge:+    9765         4546     
        Drv Adjust:+       0            0     
       Src Latency:+       0            0     
       Net Latency:+       0 (I)        0 (I) 
           Arrival:=    9765         4546     
                                              
             Setup:-     906                  
     Required Time:=    8859                  
      Launch Clock:-    4546                  
       Input Delay:-       0                  
         Data Path:-     554                  
             Slack:=    3760                  

Exceptions/Constraints:
  input_delay              0              in_del 

#-----------------------------------------------------------------------------------------------------------
#         Timing Point          Flags    Arc   Edge    Cell      Fanout  Load  Trans Delay Arrival Instance 
#                                                                        (fF)   (ps)  (ps)   (ps)  Location 
#-----------------------------------------------------------------------------------------------------------
  mosi_pad                      <<<     -      F     (arrival)        1 2124.4  1000     0    4546    (-,-) 
  u_mosi_pad/PAD                -       -      F     PDDW0208CSG      1      -     -     0    4546    (-,-) 
  u_mosi_pad/C                  -       PAD->C F     PDDW0208CSG      2    7.6   152   554    5099    (-,-) 
  u_spi_slave_rx_data_reg[0]/SI -       -      F     SDFQD1           2      -     -     0    5099    (-,-) 
#-----------------------------------------------------------------------------------------------------------

