============================================================
  Generated by:           Genus(TM) Synthesis Solution 21.14-s082_1
  Generated on:           Sep 28 2026  08:30:15 pm
  Module:                 spi_slave_full_io_pad_wrapper
  Operating conditions:   WCCOM (balanced_tree)
  Wireload mode:          segmented
  Area mode:              timing library
============================================================


Path 1: MET (6 ps) Late External Delay Assertion at pin miso_pad
          Group: EXT_SCLK
     Startpoint: (R) u_spi_slave_tx_bit_cnt_reg[2]/CP
          Clock: (F) CORE_SCLK
       Endpoint: (R) miso_pad
          Clock: (R) EXT_SCLK

                     Capture       Launch     
        Clock Edge:+   13774         7899     
       Src Latency:+       0            0     
       Net Latency:+       0 (I)        0 (I) 
           Arrival:=   13774         7899     
                                              
      Output Delay:-       0                  
     Required Time:=   13774                  
      Launch Clock:-    7899                  
         Data Path:-    5870                  
             Slack:=       6                  

Exceptions/Constraints:
  output_delay              0              ou_del 

#--------------------------------------------------------------------------------------------------------------
#          Timing Point            Flags    Arc   Edge    Cell      Fanout  Load  Trans Delay Arrival Instance 
#                                                                           (fF)   (ps)  (ps)   (ps)  Location 
#--------------------------------------------------------------------------------------------------------------
  u_spi_slave_tx_bit_cnt_reg[2]/CP -       -      R     (arrival)        4      -     0     0    7899    (-,-) 
  u_spi_slave_tx_bit_cnt_reg[2]/Q  -       CP->Q  F     DFCNQD4          8   46.8   176   922    8820    (-,-) 
  g4606__9315/ZN                   -       A3->ZN R     NR4D1            1    5.1   488   436    9257    (-,-) 
  g4584__5107/ZN                   -       B2->ZN F     AOI22D1          1    9.8   391   260    9517    (-,-) 
  g4582__2398/ZN                   -       A4->ZN R     ND4D2            1   22.1   432   341    9858    (-,-) 
  u_miso_pad/PAD                   -       I->PAD R     PDDW0208CSG      1 7313.6  2029  3910   13768    (-,-) 
  miso_pad                         <<<     -      R     (port)           -      -     -     0   13768    (-,-) 
#--------------------------------------------------------------------------------------------------------------

