============================================================
  Generated by:           Genus(TM) Synthesis Solution 21.14-s082_1
  Generated on:           Sep 28 2026  03:36:12 pm
  Module:                 spi_slave_full_io_pad_wrapper
  Operating conditions:   BCCOM (balanced_tree)
  Wireload mode:          segmented
  Area mode:              timing library
============================================================


Path 1: MET (3 ps) Late External Delay Assertion at pin miso_pad
          Group: EXT_SCLK
     Startpoint: (R) u_spi_slave_tx_bit_cnt_reg[3]/CP
          Clock: (F) CORE_SCLK
       Endpoint: (F) miso_pad
          Clock: (R) EXT_SCLK

                     Capture       Launch     
        Clock Edge:+    7299         4289     
       Src Latency:+       0            0     
       Net Latency:+       0 (I)        0 (I) 
           Arrival:=    7299         4289     
                                              
      Output Delay:-       0                  
     Required Time:=    7299                  
      Launch Clock:-    4289                  
         Data Path:-    3008                  
             Slack:=       3                  

Exceptions/Constraints:
  output_delay              0              ou_del 

#--------------------------------------------------------------------------------------------------------------
#          Timing Point            Flags    Arc   Edge    Cell      Fanout  Load  Trans Delay Arrival Instance 
#                                                                           (fF)   (ps)  (ps)   (ps)  Location 
#--------------------------------------------------------------------------------------------------------------
  u_spi_slave_tx_bit_cnt_reg[3]/CP -       -      R     (arrival)        4      -     0     0    4289    (-,-) 
  u_spi_slave_tx_bit_cnt_reg[3]/Q  -       CP->Q  F     DFCNQD4          5   32.3    86   472    4761    (-,-) 
  fopt4/ZN                         -       I->ZN  R     INVD1            3   18.9   196   136    4897    (-,-) 
  fopt3/ZN                         -       I->ZN  F     INVD1            1    5.0    79    43    4940    (-,-) 
  g4605__6161/ZN                   -       A1->ZN R     OAI22D1          1    8.3   385   159    5099    (-,-) 
  g4591__6783/ZN                   -       A1->ZN F     NR3D1            1    9.0   158    97    5197    (-,-) 
  g4587__4319/ZN                   -       A1->ZN R     NR2D2            1    9.1   145   123    5320    (-,-) 
  g4582__2398/ZN                   -       A1->ZN F     ND4D2            1   23.6   280   156    5475    (-,-) 
  u_miso_pad/PAD                   -       I->PAD F     PDDW0208CSG      1 6978.0  1089  1821    7296    (-,-) 
  miso_pad                         <<<     -      F     (port)           -      -     -     0    7296    (-,-) 
#--------------------------------------------------------------------------------------------------------------

