============================================================
  Generated by:           Genus(TM) Synthesis Solution 21.14-s082_1
  Generated on:           Sep 28 2026  08:30:15 pm
  Module:                 spi_slave_full_io_pad_wrapper
  Operating conditions:   WCCOM (balanced_tree)
  Wireload mode:          segmented
  Area mode:              timing library
============================================================


Path 1: MET (5598 ps) Setup Check with Pin u_spi_slave_rx_data_reg[0]/CP->SI
          Group: CORE_SCLK
     Startpoint: (F) mosi_pad
          Clock: (F) EXT_SCLK
       Endpoint: (F) u_spi_slave_rx_data_reg[0]/SI
          Clock: (R) CORE_SCLK

                     Capture       Launch     
        Clock Edge:+   14756         6887     
        Drv Adjust:+       0            0     
       Src Latency:+       0            0     
       Net Latency:+       0 (I)        0 (I) 
           Arrival:=   14756         6887     
                                              
             Setup:-    1538                  
     Required Time:=   13218                  
      Launch Clock:-    6887                  
       Input Delay:-       0                  
         Data Path:-     733                  
             Slack:=    5598                  

Exceptions/Constraints:
  input_delay              0              in_del 

#-----------------------------------------------------------------------------------------------------------
#         Timing Point          Flags    Arc   Edge    Cell      Fanout  Load  Trans Delay Arrival Instance 
#                                                                        (fF)   (ps)  (ps)   (ps)  Location 
#-----------------------------------------------------------------------------------------------------------
  mosi_pad                      <<<     -      F     (arrival)        1 2313.6  1000     0    6887    (-,-) 
  u_mosi_pad/PAD                -       -      F     PDDW0208CSG      1      -     -     0    6887    (-,-) 
  u_mosi_pad/C                  -       PAD->C F     PDDW0208CSG      2    7.2   221   733    7620    (-,-) 
  u_spi_slave_rx_data_reg[0]/SI -       -      F     SDFQD1           2      -     -     0    7620    (-,-) 
#-----------------------------------------------------------------------------------------------------------

