============================================================
  Generated by:           Genus(TM) Synthesis Solution 21.14-s082_1
  Generated on:           Sep 28 2026  03:43:41 pm
  Module:                 spi_slave_full_io_pad_wrapper
  Operating conditions:   LTCOM (balanced_tree)
  Wireload mode:          segmented
  Area mode:              timing library
============================================================


Path 1: VIOLATED (-2 ps) Late External Delay Assertion at pin miso_pad
          Group: EXT_SCLK
     Startpoint: (R) u_spi_slave_tx_bit_cnt_reg[3]/CP
          Clock: (F) CORE_SCLK
       Endpoint: (F) miso_pad
          Clock: (R) EXT_SCLK

                     Capture       Launch     
        Clock Edge:+    6803         4012     
       Src Latency:+       0            0     
       Net Latency:+       0 (I)        0 (I) 
           Arrival:=    6803         4012     
                                              
      Output Delay:-       0                  
     Required Time:=    6803                  
      Launch Clock:-    4012                  
         Data Path:-    2792                  
             Slack:=      -2                  

Exceptions/Constraints:
  output_delay              0              ou_del 

#--------------------------------------------------------------------------------------------------------------
#          Timing Point            Flags    Arc   Edge    Cell      Fanout  Load  Trans Delay Arrival Instance 
#                                                                           (fF)   (ps)  (ps)   (ps)  Location 
#--------------------------------------------------------------------------------------------------------------
  u_spi_slave_tx_bit_cnt_reg[3]/CP -       -      R     (arrival)        4      -     0     0    4012    (-,-) 
  u_spi_slave_tx_bit_cnt_reg[3]/Q  -       CP->Q  F     DFCNQD4          5   32.2    79   440    4452    (-,-) 
  fopt4/ZN                         -       I->ZN  R     INVD1            3   18.8   184   129    4581    (-,-) 
  fopt3/ZN                         -       I->ZN  F     INVD1            1    5.0    74    41    4621    (-,-) 
  g4605__6161/ZN                   -       A1->ZN R     OAI22D1          1    8.3   350   146    4768    (-,-) 
  g4591__6783/ZN                   -       A1->ZN F     NR3D1            1    9.0   147    92    4860    (-,-) 
  g4587__4319/ZN                   -       A1->ZN R     NR2D2            1    9.1   132   114    4973    (-,-) 
  g4582__2398/ZN                   -       A1->ZN F     ND4D2            1   23.6   248   140    5113    (-,-) 
  u_miso_pad/PAD                   -       I->PAD F     PDDW0208CSG      1 6950.0  1001  1691    6804    (-,-) 
  miso_pad                         <<<     -      F     (port)           -      -     -     0    6804    (-,-) 
#--------------------------------------------------------------------------------------------------------------

