============================================================
  Generated by:           Genus(TM) Synthesis Solution 21.14-s082_1
  Generated on:           Sep 22 2026  08:13:39 pm
  Module:                 spi_slave_full_io_pad_wrapper
  Technology libraries:   tcb018bcdgp2atc 110
                          tps018bcdnv5tc 160b
  Operating conditions:   NCCOM (balanced_tree)
  Wireload mode:          segmented
  Area mode:              timing library
============================================================

       Total     Slew   Slew                                                 
Net   Cap(fF)     Rise  Fall  Driver(s)                Load(s)               
-----------------------------------------------------------------------------
n_3 21.0r/20.6f  271.5  165.4  g4626/ZN u_spi_slave_tx_bit_cnt_reg[1]/CDN    
                                        u_spi_slave_rx_bit_cnt_reg[0]/CDN    
                                        u_spi_slave_rx_valid_reg/CDN         
                                        u_spi_slave_tx_bit_cnt_reg[2]/CDN    
                                        u_spi_slave_rx_bit_cnt_reg[3]/CDN    
                                        u_spi_slave_rx_bit_cnt_reg[1]/CDN    
                                        u_spi_slave_tx_bit_cnt_reg[0]/CDN    
                                        u_spi_slave_tx_bit_cnt_reg[3]/CDN    
                                        g4615__5477/A2                       
                                        g4613__7410/A2                       
                                        g4611__2346/A2                       
                                        u_spi_slave_rx_shift_reg_reg[0]/CDN  
                                        u_spi_slave_rx_shift_reg_reg[1]/CDN  
                                        u_spi_slave_rx_shift_reg_reg[2]/CDN  
                                        u_spi_slave_rx_shift_reg_reg[3]/CDN  
                                        u_spi_slave_rx_shift_reg_reg[4]/CDN  
                                        u_spi_slave_rx_shift_reg_reg[5]/CDN  
                                        u_spi_slave_rx_shift_reg_reg[6]/CDN  
                                        u_spi_slave_rx_shift_reg_reg[7]/CDN  
                                        u_spi_slave_rx_shift_reg_reg[8]/CDN  
                                        u_spi_slave_rx_shift_reg_reg[9]/CDN  
                                        u_spi_slave_rx_shift_reg_reg[10]/CDN 
                                        u_spi_slave_rx_shift_reg_reg[11]/CDN 
                                        u_spi_slave_rx_shift_reg_reg[12]/CDN 
                                        u_spi_slave_rx_shift_reg_reg[14]/CDN 
                                        u_spi_slave_rx_shift_reg_reg[13]/CDN 
                                        u_spi_slave_rx_bit_cnt_reg[2]/CDN    
