============================================================
  Generated by:           Genus(TM) Synthesis Solution 21.14-s082_1
  Generated on:           Sep 22 2026  08:13:39 pm
  Module:                 spi_slave_full_io_pad_wrapper
  Operating conditions:   NCCOM (balanced_tree)
  Wireload mode:          segmented
  Area mode:              timing library
============================================================


Path 1: UNCONSTRAINED Late External Delay Assertion at pin miso_pad
     Startpoint: (F) csb_pad
       Endpoint: (R) miso_pad
          Clock: (R) -

                   Capture    Launch  
      Drv Adjust:+       0         0  
                                      
    Output Delay:-       0            
       Data Path:-    3999            

Exceptions/Constraints:
  output_delay              0              ou_del 

#--------------------------------------------------------------------------------------------
# Timing Point   Flags    Arc   Edge    Cell      Fanout  Load  Trans Delay Arrival Instance 
#                                                         (fF)   (ps)  (ps)   (ps)  Location 
#--------------------------------------------------------------------------------------------
  csb_pad        <<<     -      F     (arrival)        1 2124.4  1000     0       0    (-,-) 
  u_csb_pad/PAD  -       -      F     PDDW0208CSG      1      -     -     0       0    (-,-) 
  u_csb_pad/C    -       PAD->C F     PDDW0208CSG      4   41.8   240   621     621    (-,-) 
  g4626/ZN       (a)     I->ZN  R     INVD1           27   21.0   272   216     837    (-,-) 
  g4613__7410/ZN -       A2->ZN F     ND2D1            2   15.6   202   140     977    (-,-) 
  g4595__1705/ZN -       A2->ZN R     NR2D2            1    5.3   150   146    1123    (-,-) 
  g4586__6260/ZN -       B2->ZN F     AOI22D1          1   10.2   234   157    1281    (-,-) 
  g4582__2398/ZN -       A3->ZN R     ND4D2            1   22.9   311   217    1497    (-,-) 
  u_miso_pad/PAD -       I->PAD R     PDDW0208CSG      1 7124.4  1261  2502    3999    (-,-) 
  miso_pad       <<<     -      R     (port)           -      -     -     0    3999    (-,-) 
#--------------------------------------------------------------------------------------------

(a) : Net has asynchronous load pins which are being considered ideal.

