============================================================
  Generated by:           Genus(TM) Synthesis Solution 21.14-s082_1
  Generated on:           Sep 22 2026  08:13:39 pm
  Module:                 spi_slave_full_io_pad_wrapper
  Operating conditions:   NCCOM (balanced_tree)
  Wireload mode:          segmented
  Area mode:              timing library
============================================================


Path 1: UNCONSTRAINED Late External Delay Assertion at pin miso_pad
     Startpoint: (R) csb_pad
       Endpoint: (F) miso_pad
          Clock: (R) -

                   Capture    Launch  
      Drv Adjust:+       0         0  
                                      
    Output Delay:-       0            
       Data Path:-    2210            

Exceptions/Constraints:
  output_delay              0              ou_del 

#----------------------------------------------------------------------------------------------
# Timing Point   Flags     Arc    Edge    Cell      Fanout  Load  Trans Delay Arrival Instance 
#                                                           (fF)   (ps)  (ps)   (ps)  Location 
#----------------------------------------------------------------------------------------------
  csb_pad        <<<     -        R     (arrival)        1 2124.4  1000     0       0    (-,-) 
  u_csb_pad/PAD  -       -        R     PDDW0208CSG      1      -     -     0       0    (-,-) 
  u_csb_pad/C    -       PAD->C   R     PDDW0208CSG      4   41.6   241   569     569    (-,-) 
  u_miso_pad/PAD -       OEN->PAD F     PDDW0208CSG      1 7124.4  1295  1640    2210    (-,-) 
  miso_pad       <<<     -        F     (port)           -      -     -     0    2210    (-,-) 
#----------------------------------------------------------------------------------------------

