============================================================
  Generated by:           Genus(TM) Synthesis Solution 21.14-s082_1
  Generated on:           Sep 10 2026  03:51:19 pm
  Module:                 spi_slave
  Operating conditions:   NCCOM (balanced_tree)
  Wireload mode:          segmented
  Area mode:              timing library
============================================================


Path 1: MET (9 ps) Late External Delay Assertion at pin miso
          Group: SCLK
     Startpoint: (R) tx_bit_cnt_reg[1]/CP
          Clock: (F) SCLK
       Endpoint: (R) miso
          Clock: (R) SCLK

                     Capture       Launch     
        Clock Edge:+    3226         1613     
       Src Latency:+       0            0     
       Net Latency:+       0 (I)        0 (I) 
           Arrival:=    3226         1613     
                                              
      Output Delay:-       0                  
     Required Time:=    3226                  
      Launch Clock:-    1613                  
         Data Path:-    1604                  
             Slack:=       9                  

Exceptions/Constraints:
  output_delay              0              ou_del 

#----------------------------------------------------------------------------------------------
#    Timing Point      Flags    Arc   Edge   Cell     Fanout Load Trans Delay Arrival Instance 
#                                                            (fF)  (ps)  (ps)   (ps)  Location 
#----------------------------------------------------------------------------------------------
  tx_bit_cnt_reg[1]/CP -       -      R     (arrival)      4    -     0     0    1613    (-,-) 
  tx_bit_cnt_reg[1]/Q  -       CP->Q  R     DFCNQD2        5 23.9   176   536    2149    (-,-) 
  g1295__5122/ZN       -       A1->ZN F     ND2D1          3 13.5   176   132    2281    (-,-) 
  g1280__5107/ZN       -       A1->ZN R     NR2D1          3 16.6   437   291    2572    (-,-) 
  g1252__8246/ZN       -       B1->ZN R     MOAI22D1       1 10.5   326   287    2858    (-,-) 
  g1246__8428/ZN       -       B1->ZN F     AOI22D2        1 20.1   267   189    3047    (-,-) 
  g1238__2398/ZN       -       B2->ZN R     IND4D4         1 22.9   239   169    3216    (-,-) 
  miso                 <<<     -      R     (port)         -    -     -     0    3216    (-,-) 
#----------------------------------------------------------------------------------------------

