============================================================
  Generated by:           Genus(TM) Synthesis Solution 21.14-s082_1
  Generated on:           Sep 10 2026  04:06:12 pm
  Module:                 spi_slave
  Operating conditions:   NCCOM (balanced_tree)
  Wireload mode:          segmented
  Area mode:              timing library
============================================================


Path 1: MET (1 ps) Late External Delay Assertion at pin miso
          Group: SCLK
     Startpoint: (R) tx_bit_cnt_reg[0]/CP
          Clock: (F) SCLK
       Endpoint: (R) miso
          Clock: (R) SCLK

                     Capture       Launch     
        Clock Edge:+    2899         1449     
       Src Latency:+       0            0     
       Net Latency:+       0 (I)        0 (I) 
           Arrival:=    2899         1449     
                                              
      Output Delay:-       0                  
     Required Time:=    2899                  
      Launch Clock:-    1449                  
         Data Path:-    1448                  
             Slack:=       1                  

Exceptions/Constraints:
  output_delay              0              ou_del 

#----------------------------------------------------------------------------------------------
#    Timing Point      Flags    Arc   Edge   Cell     Fanout Load Trans Delay Arrival Instance 
#                                                            (fF)  (ps)  (ps)   (ps)  Location 
#----------------------------------------------------------------------------------------------
  tx_bit_cnt_reg[0]/CP -       -      R     (arrival)      4    -     0     0    1449    (-,-) 
  tx_bit_cnt_reg[0]/Q  -       CP->Q  F     DFCND2         4 28.1   136   583    2032    (-,-) 
  g1289__4319/ZN       -       B1->ZN R     INR4D0         1  3.4   398   316    2348    (-,-) 
  g1435/ZN             -       A1->ZN R     IND2D1         1  4.8   140   212    2560    (-,-) 
  g62/ZN               -       A1->ZN F     AOI22D1        1 10.2   236   120    2680    (-,-) 
  g46/ZN               -       A3->ZN R     ND4D2          1 22.9   311   217    2897    (-,-) 
  miso                 <<<     -      R     (port)         -    -     -     0    2897    (-,-) 
#----------------------------------------------------------------------------------------------

