============================================================
  Generated by:           Genus(TM) Synthesis Solution 21.14-s082_1
  Generated on:           Sep 10 2026  12:57:22 pm
  Module:                 spi_slave
  Operating conditions:   NCCOM (balanced_tree)
  Wireload mode:          segmented
  Area mode:              timing library
============================================================


Path 1: MET (3 ps) Late External Delay Assertion at pin miso
          Group: SCLK
     Startpoint: (R) tx_bit_cnt_reg[1]/CP
          Clock: (F) SCLK
       Endpoint: (F) miso
          Clock: (R) SCLK

                     Capture       Launch     
        Clock Edge:+    3333         1666     
       Src Latency:+       0            0     
       Net Latency:+       0 (I)        0 (I) 
           Arrival:=    3333         1666     
                                              
      Output Delay:-       0                  
     Required Time:=    3333                  
      Launch Clock:-    1666                  
         Data Path:-    1663                  
             Slack:=       3                  

Exceptions/Constraints:
  output_delay              0              ou_del 

#----------------------------------------------------------------------------------------------
#    Timing Point      Flags    Arc   Edge   Cell     Fanout Load Trans Delay Arrival Instance 
#                                                            (fF)  (ps)  (ps)   (ps)  Location 
#----------------------------------------------------------------------------------------------
  tx_bit_cnt_reg[1]/CP -       -      R     (arrival)      4    -     0     0    1666    (-,-) 
  tx_bit_cnt_reg[1]/Q  -       CP->Q  F     DFCNQD2        5 23.4   122   573    2239    (-,-) 
  g1292__5122/ZN       -       A1->ZN R     ND2D1          3 14.2   235   152    2391    (-,-) 
  g1277__5107/ZN       -       A1->ZN F     NR2D1          3 16.7   156   115    2506    (-,-) 
  g1249__8246/ZN       -       B1->ZN F     MOAI22D1       1  5.3   134   218    2724    (-,-) 
  g1243__8428/ZN       -       B1->ZN R     AOI22D1        1 19.6   624   403    3126    (-,-) 
  g1235__2398/ZN       -       B2->ZN F     IND4D4         1 22.9   299   204    3330    (-,-) 
  miso                 <<<     -      F     (port)         -    -     -     0    3330    (-,-) 
#----------------------------------------------------------------------------------------------

