============================================================
  Generated by:           Genus(TM) Synthesis Solution 21.14-s082_1
  Generated on:           Sep 10 2026  04:01:46 pm
  Module:                 spi_slave
  Operating conditions:   NCCOM (balanced_tree)
  Wireload mode:          segmented
  Area mode:              timing library
============================================================


Path 1: VIOLATED (-10 ps) Late External Delay Assertion at pin miso
          Group: SCLK
     Startpoint: (R) tx_bit_cnt_reg[0]/CP
          Clock: (F) SCLK
       Endpoint: (F) miso
          Clock: (R) SCLK

                     Capture       Launch     
        Clock Edge:+    2857         1429     
       Src Latency:+       0            0     
       Net Latency:+       0 (I)        0 (I) 
           Arrival:=    2857         1429     
                                              
      Output Delay:-       0                  
     Required Time:=    2857                  
      Launch Clock:-    1429                  
         Data Path:-    1438                  
             Slack:=     -10                  

Exceptions/Constraints:
  output_delay              0              ou_del 

#----------------------------------------------------------------------------------------------
#    Timing Point      Flags    Arc   Edge   Cell     Fanout Load Trans Delay Arrival Instance 
#                                                            (fF)  (ps)  (ps)   (ps)  Location 
#----------------------------------------------------------------------------------------------
  tx_bit_cnt_reg[0]/CP -       -      R     (arrival)      4    -     0     0    1429    (-,-) 
  tx_bit_cnt_reg[0]/Q  -       CP->Q  R     DFCND2         4 22.0   167   530    1958    (-,-) 
  g1397/ZN             -       I->ZN  F     CKND2          2 14.3   114   101    2059    (-,-) 
  fopt1362/ZN          -       I->ZN  R     INVD1          2  8.9   140   113    2173    (-,-) 
  g82/ZN               -       B1->ZN F     INR3D0         1  4.7   175   122    2294    (-,-) 
  g607/ZN              -       A1->ZN R     ND2D1          1 10.4   195   141    2435    (-,-) 
  g604/ZN              -       A2->ZN F     ND2D2          1 17.1   138   100    2535    (-,-) 
  g64/ZN               -       A1->ZN R     NR2D4          1 20.6   192   145    2680    (-,-) 
  g60/ZN               -       A4->ZN F     ND4D4          1 22.9   236   187    2867    (-,-) 
  miso                 <<<     -      F     (port)         -    -     -     0    2867    (-,-) 
#----------------------------------------------------------------------------------------------

