============================================================
  Generated by:           Genus(TM) Synthesis Solution 21.14-s082_1
  Generated on:           Sep 10 2026  03:58:15 pm
  Module:                 spi_slave
  Operating conditions:   NCCOM (balanced_tree)
  Wireload mode:          segmented
  Area mode:              timing library
============================================================


Path 1: MET (3 ps) Late External Delay Assertion at pin miso
          Group: SCLK
     Startpoint: (R) tx_bit_cnt_reg[1]/CP
          Clock: (F) SCLK
       Endpoint: (R) miso
          Clock: (R) SCLK

                     Capture       Launch     
        Clock Edge:+    3125         1562     
       Src Latency:+       0            0     
       Net Latency:+       0 (I)        0 (I) 
           Arrival:=    3125         1562     
                                              
      Output Delay:-       0                  
     Required Time:=    3125                  
      Launch Clock:-    1562                  
         Data Path:-    1559                  
             Slack:=       3                  

Exceptions/Constraints:
  output_delay              0              ou_del 

#----------------------------------------------------------------------------------------------
#    Timing Point      Flags    Arc   Edge   Cell     Fanout Load Trans Delay Arrival Instance 
#                                                            (fF)  (ps)  (ps)   (ps)  Location 
#----------------------------------------------------------------------------------------------
  tx_bit_cnt_reg[1]/CP -       -      R     (arrival)      4    -     0     0    1562    (-,-) 
  tx_bit_cnt_reg[1]/Q  -       CP->Q  R     DFCNQD2        2 13.7   125   504    2066    (-,-) 
  fopt1358/ZN          -       I->ZN  F     CKND2          1 10.3    88    81    2147    (-,-) 
  fopt1356/ZN          -       I->ZN  R     INVD2          7 30.8   196   138    2286    (-,-) 
  g126/ZN              -       A1->ZN F     ND2D1          4 18.4   213   160    2446    (-,-) 
  g114/ZN              -       B1->ZN R     INR3D0         1  5.9   342   250    2696    (-,-) 
  g113/ZN              -       A1->ZN R     IND2D2         1 10.3   136   206    2902    (-,-) 
  g49/ZN               -       I->ZN  F     INVD2          1 15.1    79    61    2962    (-,-) 
  g47/ZN               -       A3->ZN R     ND4D3          1 22.9   268   159    3122    (-,-) 
  miso                 <<<     -      R     (port)         -    -     -     0    3122    (-,-) 
#----------------------------------------------------------------------------------------------

