============================================================
  Generated by:           Genus(TM) Synthesis Solution 21.14-s082_1
  Generated on:           Sep 10 2026  03:59:56 pm
  Module:                 spi_slave
  Operating conditions:   NCCOM (balanced_tree)
  Wireload mode:          segmented
  Area mode:              timing library
============================================================


Path 1: MET (3 ps) Late External Delay Assertion at pin miso
          Group: SCLK
     Startpoint: (R) tx_bit_cnt_reg[0]/CP
          Clock: (F) SCLK
       Endpoint: (R) miso
          Clock: (R) SCLK

                     Capture       Launch     
        Clock Edge:+    3030         1515     
       Src Latency:+       0            0     
       Net Latency:+       0 (I)        0 (I) 
           Arrival:=    3030         1515     
                                              
      Output Delay:-       0                  
     Required Time:=    3030                  
      Launch Clock:-    1515                  
         Data Path:-    1512                  
             Slack:=       3                  

Exceptions/Constraints:
  output_delay              0              ou_del 

#----------------------------------------------------------------------------------------------
#    Timing Point      Flags    Arc   Edge   Cell     Fanout Load Trans Delay Arrival Instance 
#                                                            (fF)  (ps)  (ps)   (ps)  Location 
#----------------------------------------------------------------------------------------------
  tx_bit_cnt_reg[0]/CP -       -      R     (arrival)      4    -     0     0    1515    (-,-) 
  tx_bit_cnt_reg[0]/Q  -       CP->Q  F     DFCNQD2        3 22.1   119   570    2085    (-,-) 
  g21/ZN               -       B1->ZN R     INR4D0         1  5.0   458   351    2436    (-,-) 
  g59/ZN               -       B->ZN  F     AOI21D1        1  5.4   212   103    2539    (-,-) 
  g1401/ZN             -       A2->ZN R     MOAI22D1       1 10.3   323   244    2783    (-,-) 
  g63/ZN               -       A2->ZN F     NR2D2          1 16.2   149    87    2870    (-,-) 
  g62/ZN               -       A3->ZN R     ND3D3          1 22.9   204   157    3027    (-,-) 
  miso                 <<<     -      R     (port)         -    -     -     0    3027    (-,-) 
#----------------------------------------------------------------------------------------------

