============================================================
  Generated by:           Genus(TM) Synthesis Solution 21.14-s082_1
  Generated on:           Sep 10 2026  01:05:56 pm
  Module:                 spi_slave
  Operating conditions:   NCCOM (balanced_tree)
  Wireload mode:          segmented
  Area mode:              timing library
============================================================


Path 1: MET (0 ps) Late External Delay Assertion at pin miso
          Group: SCLK
     Startpoint: (R) tx_bit_cnt_reg[1]/CP
          Clock: (F) SCLK
       Endpoint: (F) miso
          Clock: (R) SCLK

                     Capture       Launch     
        Clock Edge:+    3279         1639     
       Src Latency:+       0            0     
       Net Latency:+       0 (I)        0 (I) 
           Arrival:=    3279         1639     
                                              
      Output Delay:-       0                  
     Required Time:=    3279                  
      Launch Clock:-    1639                  
         Data Path:-    1639                  
             Slack:=       0                  

Exceptions/Constraints:
  output_delay              0              ou_del 

#----------------------------------------------------------------------------------------------
#    Timing Point      Flags    Arc   Edge   Cell     Fanout Load Trans Delay Arrival Instance 
#                                                            (fF)  (ps)  (ps)   (ps)  Location 
#----------------------------------------------------------------------------------------------
  tx_bit_cnt_reg[1]/CP -       -      R     (arrival)      4    -     0     0    1639    (-,-) 
  tx_bit_cnt_reg[1]/Q  -       CP->Q  F     DFCNQD2        5 23.4   122   573    2212    (-,-) 
  g1292__5122/ZN       -       A1->ZN R     ND2D1          3 12.3   215   140    2352    (-,-) 
  g1277__5107/ZN       -       A1->ZN F     NR2D1          3 14.5   144   104    2457    (-,-) 
  g1249__8246/ZN       -       B1->ZN F     MOAI22D1       1  5.3   134   215    2672    (-,-) 
  g1243__1355/ZN       -       B1->ZN R     AOI22D1        1 19.6   623   403    3075    (-,-) 
  g1235__2398/ZN       -       B2->ZN F     IND4D4         1 22.9   299   204    3278    (-,-) 
  miso                 <<<     -      F     (port)         -    -     -     0    3278    (-,-) 
#----------------------------------------------------------------------------------------------

