============================================================
  Generated by:           Genus(TM) Synthesis Solution 21.14-s082_1
  Generated on:           Sep 10 2026  04:04:01 pm
  Module:                 spi_slave
  Operating conditions:   NCCOM (balanced_tree)
  Wireload mode:          segmented
  Area mode:              timing library
============================================================


Path 1: MET (1 ps) Late External Delay Assertion at pin miso
          Group: SCLK
     Startpoint: (R) tx_bit_cnt_reg[3]/CP
          Clock: (F) SCLK
       Endpoint: (R) miso
          Clock: (R) SCLK

                     Capture       Launch     
        Clock Edge:+    2941         1471     
       Src Latency:+       0            0     
       Net Latency:+       0 (I)        0 (I) 
           Arrival:=    2941         1471     
                                              
      Output Delay:-       0                  
     Required Time:=    2941                  
      Launch Clock:-    1471                  
         Data Path:-    1470                  
             Slack:=       1                  

Exceptions/Constraints:
  output_delay              0              ou_del 

#----------------------------------------------------------------------------------------------
#    Timing Point      Flags    Arc   Edge   Cell     Fanout Load Trans Delay Arrival Instance 
#                                                            (fF)  (ps)  (ps)   (ps)  Location 
#----------------------------------------------------------------------------------------------
  tx_bit_cnt_reg[3]/CP -       -      R     (arrival)      4    -     0     0    1471    (-,-) 
  tx_bit_cnt_reg[3]/Q  -       CP->Q  F     DFCNQD4        7 31.2   100   592    2063    (-,-) 
  g28/ZN               -       A1->ZN R     NR2D2          2 15.8   244   165    2228    (-,-) 
  g27/ZN               -       I->ZN  F     INVD2          4 24.5   123    86    2314    (-,-) 
  g1896/ZN             -       A1->ZN R     OAI21D1        1  5.3   223   163    2477    (-,-) 
  g13/ZN               -       A2->ZN F     ND2D1          1  5.8   140    85    2562    (-,-) 
  g12/ZN               -       A1->ZN F     INR2D2         1 20.1   128   224    2786    (-,-) 
  g81/ZN               -       A3->ZN R     ND4D4          1 22.9   237   155    2940    (-,-) 
  miso                 <<<     -      R     (port)         -    -     -     0    2940    (-,-) 
#----------------------------------------------------------------------------------------------

