============================================================
  Generated by:           Genus(TM) Synthesis Solution 21.14-s082_1
  Generated on:           Sep 10 2026  08:30:28 pm
  Module:                 spi_slave_miso_pad_wrapper
  Operating conditions:   NCCOM (balanced_tree)
  Wireload mode:          segmented
  Area mode:              timing library
============================================================


Path 1: MET (40 ps) Late External Delay Assertion at pin miso_pad
          Group: SCLK
     Startpoint: (R) u_spi_slave_tx_bit_cnt_reg[0]/CP
          Clock: (F) SCLK
       Endpoint: (R) miso_pad
          Clock: (R) SCLK

                     Capture       Launch     
        Clock Edge:+    8333         4167     
       Src Latency:+       0            0     
       Net Latency:+       0 (I)        0 (I) 
           Arrival:=    8333         4167     
                                              
      Output Delay:-       0                  
     Required Time:=    8333                  
      Launch Clock:-    4167                  
         Data Path:-    4127                  
             Slack:=      40                  

Exceptions/Constraints:
  output_delay              0              ou_del 

#--------------------------------------------------------------------------------------------------------------
#          Timing Point            Flags    Arc   Edge    Cell      Fanout  Load  Trans Delay Arrival Instance 
#                                                                           (fF)   (ps)  (ps)   (ps)  Location 
#--------------------------------------------------------------------------------------------------------------
  u_spi_slave_tx_bit_cnt_reg[0]/CP -       -      R     (arrival)        4      -     0     0    4167    (-,-) 
  u_spi_slave_tx_bit_cnt_reg[0]/Q  -       CP->Q  R     DFCND2          12   53.2   326   625    4792    (-,-) 
  g3203/Z                          -       S->Z   R     MUX2D0           1    4.5   161   411    5203    (-,-) 
  g3159__1705/ZN                   -       A1->ZN F     ND3D1            1    4.6   180   117    5320    (-,-) 
  g3150__4319/ZN                   -       A1->ZN R     AOI21D1          1    5.1   285   170    5489    (-,-) 
  g3149__6260/ZN                   -       A2->ZN F     NR2D1            1   10.3   171   101    5590    (-,-) 
  g3220/ZN                         -       B1->ZN R     IND4D2           1   22.9   310   202    5792    (-,-) 
  u_miso_pad/PAD                   -       I->PAD R     PDDW0208CSG      1 7124.4  1263  2502    8293    (-,-) 
  miso_pad                         <<<     -      R     (port)           -      -     -     0    8293    (-,-) 
#--------------------------------------------------------------------------------------------------------------

