============================================================
  Generated by:           Genus(TM) Synthesis Solution 21.14-s082_1
  Generated on:           Sep 10 2026  08:26:26 pm
  Module:                 spi_slave_miso_pad_wrapper
  Operating conditions:   NCCOM (balanced_tree)
  Wireload mode:          segmented
  Area mode:              timing library
============================================================


Path 1: MET (142 ps) Late External Delay Assertion at pin miso_pad
          Group: SCLK
     Startpoint: (R) u_spi_slave_tx_bit_cnt_reg[3]/CP
          Clock: (F) SCLK
       Endpoint: (R) miso_pad
          Clock: (R) SCLK

                     Capture       Launch     
        Clock Edge:+    9091         4546     
       Src Latency:+       0            0     
       Net Latency:+       0 (I)        0 (I) 
           Arrival:=    9091         4546     
                                              
      Output Delay:-       0                  
     Required Time:=    9091                  
      Launch Clock:-    4546                  
         Data Path:-    4404                  
             Slack:=     142                  

Exceptions/Constraints:
  output_delay              0              ou_del 

#--------------------------------------------------------------------------------------------------------------
#          Timing Point            Flags    Arc   Edge    Cell      Fanout  Load  Trans Delay Arrival Instance 
#                                                                           (fF)   (ps)  (ps)   (ps)  Location 
#--------------------------------------------------------------------------------------------------------------
  u_spi_slave_tx_bit_cnt_reg[3]/CP -       -      R     (arrival)        4      -     0     0    4546    (-,-) 
  u_spi_slave_tx_bit_cnt_reg[3]/Q  -       CP->Q  F     DFCNQD1          4   20.4   160   583    5128    (-,-) 
  g1160__6417/ZN                   -       A1->ZN R     NR2D1            6   30.7   714   442    5570    (-,-) 
  g1143__5115/ZN                   -       B1->ZN R     MOAI22D1         1    5.2   225   269    5840    (-,-) 
  g1137__5122/ZN                   -       B1->ZN F     IND3D1           1    4.7   200   125    5965    (-,-) 
  g1127__4319/ZN                   -       A1->ZN R     ND3D1            1    3.4   167   116    6080    (-,-) 
  g1121__2398/ZN                   -       A1->ZN R     IND4D1           1   22.9   413   348    6429    (-,-) 
  u_miso_pad/PAD                   -       I->PAD R     PDDW0208CSG      1 7124.4  1263  2520    8949    (-,-) 
  miso_pad                         <<<     -      R     (port)           -      -     -     0    8949    (-,-) 
#--------------------------------------------------------------------------------------------------------------

