============================================================
  Generated by:           Genus(TM) Synthesis Solution 21.14-s082_1
  Generated on:           Sep 10 2026  08:32:51 pm
  Module:                 spi_slave_miso_pad_wrapper
  Operating conditions:   NCCOM (balanced_tree)
  Wireload mode:          segmented
  Area mode:              timing library
============================================================


Path 1: MET (1 ps) Late External Delay Assertion at pin miso_pad
          Group: SCLK
     Startpoint: (R) u_spi_slave_tx_bit_cnt_reg[3]/CP
          Clock: (F) SCLK
       Endpoint: (R) miso_pad
          Clock: (R) SCLK

                     Capture       Launch     
        Clock Edge:+    7692         3846     
       Src Latency:+       0            0     
       Net Latency:+       0 (I)        0 (I) 
           Arrival:=    7692         3846     
                                              
      Output Delay:-       0                  
     Required Time:=    7692                  
      Launch Clock:-    3846                  
         Data Path:-    3845                  
             Slack:=       1                  

Exceptions/Constraints:
  output_delay              0              ou_del 

#--------------------------------------------------------------------------------------------------------------
#          Timing Point            Flags    Arc   Edge    Cell      Fanout  Load  Trans Delay Arrival Instance 
#                                                                           (fF)   (ps)  (ps)   (ps)  Location 
#--------------------------------------------------------------------------------------------------------------
  u_spi_slave_tx_bit_cnt_reg[3]/CP -       -      R     (arrival)        4      -     0     0    3846    (-,-) 
  u_spi_slave_tx_bit_cnt_reg[3]/Q  -       CP->Q  F     DFCNQD4          5   27.9    96   588    4435    (-,-) 
  g4567/ZN                         -       I->ZN  R     INVD1            2    8.9   140   109    4544    (-,-) 
  g4566/ZN                         -       I->ZN  F     INVD1            1   17.1   129   103    4646    (-,-) 
  g4555__6417/ZN                   -       A1->ZN R     NR2D4            3   15.8   166   130    4776    (-,-) 
  g4526__5526/ZN                   -       A2->ZN F     ND3D1            1    5.2   178   126    4902    (-,-) 
  g4521__5107/ZN                   -       A2->ZN R     ND4D1            1    9.1   267   168    5070    (-,-) 
  g4519__2398/ZN                   -       A1->ZN F     NR2D2            1   17.1   139    71    5142    (-,-) 
  g4518/ZN                         -       I->ZN  R     CKND4            1   22.9    97    85    5227    (-,-) 
  u_miso_pad/PAD                   -       I->PAD R     PDDW0208CSG      1 7124.4  1263  2464    7691    (-,-) 
  miso_pad                         <<<     -      R     (port)           -      -     -     0    7691    (-,-) 
#--------------------------------------------------------------------------------------------------------------

