============================================================
  Generated by:           Genus(TM) Synthesis Solution 21.14-s082_1
  Generated on:           Sep 10 2026  08:17:58 pm
  Module:                 spi_slave_miso_pad_wrapper
  Operating conditions:   NCCOM (balanced_tree)
  Wireload mode:          segmented
  Area mode:              timing library
============================================================


Path 1: MET (576 ps) Late External Delay Assertion at pin miso_pad
          Group: SCLK
     Startpoint: (R) u_spi_slave_tx_bit_cnt_reg[3]/CP
          Clock: (F) SCLK
       Endpoint: (R) miso_pad
          Clock: (R) SCLK

                     Capture       Launch     
        Clock Edge:+   10000         5000     
       Src Latency:+       0            0     
       Net Latency:+       0 (I)        0 (I) 
           Arrival:=   10000         5000     
                                              
      Output Delay:-       0                  
     Required Time:=   10000                  
      Launch Clock:-    5000                  
         Data Path:-    4424                  
             Slack:=     576                  

Exceptions/Constraints:
  output_delay              0              ou_del 

#--------------------------------------------------------------------------------------------------------------
#          Timing Point            Flags    Arc   Edge    Cell      Fanout  Load  Trans Delay Arrival Instance 
#                                                                           (fF)   (ps)  (ps)   (ps)  Location 
#--------------------------------------------------------------------------------------------------------------
  u_spi_slave_tx_bit_cnt_reg[3]/CP -       -      R     (arrival)        4      -     0     0    5000    (-,-) 
  u_spi_slave_tx_bit_cnt_reg[3]/Q  -       CP->Q  F     DFCNQD1          4   20.4   160   583    5583    (-,-) 
  g1060__1666/ZN                   -       A1->ZN R     NR2D1            5   26.1   624   392    5974    (-,-) 
  g1045__6131/ZN                   -       B1->ZN R     MOAI22D1         1    5.2   226   265    6239    (-,-) 
  g1035__6783/ZN                   -       B1->ZN F     IND3D1           1    5.1   188   128    6367    (-,-) 
  g1034__5526/ZN                   -       B->ZN  R     OAI31D1          1    3.4   352   175    6541    (-,-) 
  g1023__2398/ZN                   -       A1->ZN R     IND4D1           1   22.9   413   362    6903    (-,-) 
  u_miso_pad/PAD                   -       I->PAD R     PDDW0208CSG      1 7124.4  1263  2520    9424    (-,-) 
  miso_pad                         <<<     -      R     (port)           -      -     -     0    9424    (-,-) 
#--------------------------------------------------------------------------------------------------------------

