============================================================
  Generated by:           Genus(TM) Synthesis Solution 21.14-s082_1
  Generated on:           Sep 11 2026  04:27:14 pm
  Module:                 spi_slave_sclk_miso_pad_wrapper
  Operating conditions:   NCCOM (balanced_tree)
  Wireload mode:          segmented
  Area mode:              timing library
============================================================


Path 1: MET (0 ps) Late External Delay Assertion at pin miso_pad
          Group: EXT_SCLK
     Startpoint: (R) u_spi_slave_tx_bit_cnt_reg[1]/CP
          Clock: (F) CORE_SCLK
       Endpoint: (R) miso_pad
          Clock: (R) EXT_SCLK

                     Capture       Launch     
        Clock Edge:+    9091         5294     
       Src Latency:+       0            0     
       Net Latency:+       0 (I)        0 (I) 
           Arrival:=    9091         5294     
                                              
      Output Delay:-       0                  
     Required Time:=    9091                  
      Launch Clock:-    5294                  
         Data Path:-    3796                  
             Slack:=       0                  

Exceptions/Constraints:
  output_delay              0              ou_del 

#--------------------------------------------------------------------------------------------------------------
#          Timing Point            Flags    Arc   Edge    Cell      Fanout  Load  Trans Delay Arrival Instance 
#                                                                           (fF)   (ps)  (ps)   (ps)  Location 
#--------------------------------------------------------------------------------------------------------------
  u_spi_slave_tx_bit_cnt_reg[1]/CP -       -      R     (arrival)        4      -     0     0    5294    (-,-) 
  u_spi_slave_tx_bit_cnt_reg[1]/Q  -       CP->Q  R     DFCNQD2          7   44.8   282   600    5894    (-,-) 
  g4544/ZN                         -       I->ZN  F     INVD2            2   13.1   105    59    5953    (-,-) 
  g4532__6417/ZN                   -       A1->ZN R     NR2D1            2    7.6   260   177    6130    (-,-) 
  g4503__4319/ZN                   -       A1->ZN F     ND3D1            1    5.2   173   133    6264    (-,-) 
  g59/ZN                           -       A3->ZN R     ND4D1            1   10.3   277   189    6453    (-,-) 
  g44/ZN                           -       A2->ZN F     NR2D2            1   17.1   139    88    6541    (-,-) 
  g34/ZN                           -       I->ZN  R     CKND4            1   22.9    97    85    6626    (-,-) 
  u_miso_pad/PAD                   -       I->PAD R     PDDW0208CSG      1 7124.4  1263  2464    9091    (-,-) 
  miso_pad                         <<<     -      R     (port)           -      -     -     0    9091    (-,-) 
#--------------------------------------------------------------------------------------------------------------

