============================================================
  Generated by:           Genus(TM) Synthesis Solution 21.14-s082_1
  Generated on:           Sep 22 2026  03:10:36 pm
  Module:                 spi_slave_full_io_pad_wrapper
  Technology libraries:   tcb018bcdgp2atc 110
                          tps018bcdnv5tc 160b
  Operating conditions:   NCCOM (balanced_tree)
  Wireload mode:          segmented
  Area mode:              timing library
============================================================

              Total      Slew Slew                                                   
   Net       Cap(fF)     Rise Fall   Driver(s)                 Load(s)               
-------------------------------------------------------------------------------------
sclk_core 122.5r/120.5f   0.0  0.0  u_sclk_pad/C u_spi_slave_rx_shift_reg_reg[0]/CP  
                                                 u_spi_slave_rx_shift_reg_reg[1]/CP  
                                                 u_spi_slave_rx_shift_reg_reg[2]/CP  
                                                 u_spi_slave_rx_shift_reg_reg[3]/CP  
                                                 u_spi_slave_rx_shift_reg_reg[4]/CP  
                                                 u_spi_slave_rx_shift_reg_reg[5]/CP  
                                                 u_spi_slave_rx_shift_reg_reg[6]/CP  
                                                 u_spi_slave_rx_shift_reg_reg[7]/CP  
                                                 u_spi_slave_rx_shift_reg_reg[8]/CP  
                                                 u_spi_slave_rx_shift_reg_reg[9]/CP  
                                                 u_spi_slave_rx_shift_reg_reg[10]/CP 
                                                 u_spi_slave_rx_shift_reg_reg[11]/CP 
                                                 u_spi_slave_rx_shift_reg_reg[12]/CP 
                                                 u_spi_slave_rx_shift_reg_reg[14]/CP 
                                                 u_spi_slave_rx_shift_reg_reg[13]/CP 
                                                 g1768/I                             
                                                 u_spi_slave_rx_data_reg[1]/CP       
                                                 u_spi_slave_rx_data_reg[4]/CP       
                                                 u_spi_slave_rx_data_reg[2]/CP       
                                                 u_spi_slave_rx_data_reg[3]/CP       
                                                 u_spi_slave_rx_data_reg[0]/CP       
                                                 u_spi_slave_rx_data_reg[5]/CP       
                                                 u_spi_slave_rx_data_reg[6]/CP       
                                                 u_spi_slave_rx_data_reg[7]/CP       
                                                 u_spi_slave_rx_data_reg[12]/CP      
                                                 u_spi_slave_rx_data_reg[9]/CP       
                                                 u_spi_slave_rx_data_reg[10]/CP      
                                                 u_spi_slave_rx_data_reg[11]/CP      
                                                 u_spi_slave_rx_data_reg[8]/CP       
                                                 u_spi_slave_rx_data_reg[13]/CP      
                                                 u_spi_slave_rx_data_reg[14]/CP      
                                                 u_spi_slave_rx_data_reg[15]/CP      
                                                 u_spi_slave_rx_bit_cnt_reg[3]/CP    
                                                 u_spi_slave_rx_valid_reg/CP         
                                                 u_spi_slave_rx_bit_cnt_reg[1]/CP    
                                                 u_spi_slave_rx_bit_cnt_reg[0]/CP    
                                                 u_spi_slave_rx_bit_cnt_reg[2]/CP    
