============================================================
  Generated by:           Genus(TM) Synthesis Solution 21.14-s082_1
  Generated on:           Sep 22 2026  03:10:36 pm
  Module:                 spi_slave_full_io_pad_wrapper
  Operating conditions:   NCCOM (balanced_tree)
  Wireload mode:          segmented
  Area mode:              timing library
============================================================


Path 1: MET (5 ps) Late External Delay Assertion at pin miso_pad
          Group: EXT_SCLK
     Startpoint: (R) u_spi_slave_tx_bit_cnt_reg[3]/CP
          Clock: (F) CORE_SCLK
       Endpoint: (R) miso_pad
          Clock: (R) EXT_SCLK

                     Capture       Launch     
        Clock Edge:+    9091         5294     
       Src Latency:+       0            0     
       Net Latency:+       0 (I)        0 (I) 
           Arrival:=    9091         5294     
                                              
      Output Delay:-       0                  
     Required Time:=    9091                  
      Launch Clock:-    5294                  
         Data Path:-    3791                  
             Slack:=       5                  

Exceptions/Constraints:
  output_delay              0              ou_del 

#--------------------------------------------------------------------------------------------------------------
#          Timing Point            Flags    Arc   Edge    Cell      Fanout  Load  Trans Delay Arrival Instance 
#                                                                           (fF)   (ps)  (ps)   (ps)  Location 
#--------------------------------------------------------------------------------------------------------------
  u_spi_slave_tx_bit_cnt_reg[3]/CP -       -      R     (arrival)        4      -     0     0    5294    (-,-) 
  u_spi_slave_tx_bit_cnt_reg[3]/Q  -       CP->Q  F     DFCNQD4          5   30.9   100   592    5886    (-,-) 
  fopt6/ZN                         -       I->ZN  R     INVD2            1    8.8    82    75    5961    (-,-) 
  g4611__2346/ZN                   -       A1->ZN F     ND2D2            3   18.0   147    92    6053    (-,-) 
  g4593__1617/ZN                   -       A2->ZN R     NR2D1            1    5.3   216   171    6224    (-,-) 
  g4588__8428/ZN                   -       B2->ZN F     AOI22D1          1   10.2   235   159    6382    (-,-) 
  g4582__2398/ZN                   -       A2->ZN R     ND4D2            1   22.9   311   201    6584    (-,-) 
  u_miso_pad/PAD                   -       I->PAD R     PDDW0208CSG      1 7124.4  1261  2502    9086    (-,-) 
  miso_pad                         <<<     -      R     (port)           -      -     -     0    9086    (-,-) 
#--------------------------------------------------------------------------------------------------------------

