============================================================
  Generated by:           Genus(TM) Synthesis Solution 21.14-s082_1
  Generated on:           Sep 09 2026  06:30:36 pm
  Module:                 spi_slave
  Operating conditions:   NCCOM (balanced_tree)
  Wireload mode:          segmented
  Area mode:              timing library
============================================================


Path 1: MET (2 ps) Late External Delay Assertion at pin miso
          Group: SCLK
     Startpoint: (R) tx_bit_cnt_reg[2]/CP
          Clock: (F) SCLK
       Endpoint: (R) miso
          Clock: (R) SCLK

                     Capture       Launch     
        Clock Edge:+    2779         1390     
       Src Latency:+       0            0     
       Net Latency:+       0 (I)        0 (I) 
           Arrival:=    2779         1390     
                                              
      Output Delay:-       0                  
     Required Time:=    2779                  
      Launch Clock:-    1390                  
         Data Path:-    1387                  
             Slack:=       2                  

Exceptions/Constraints:
  output_delay              0              ou_del 

#----------------------------------------------------------------------------------------------
#    Timing Point      Flags    Arc   Edge   Cell     Fanout Load Trans Delay Arrival Instance 
#                                                            (fF)  (ps)  (ps)   (ps)  Location 
#----------------------------------------------------------------------------------------------
  tx_bit_cnt_reg[2]/CP -       -      R     (arrival)      4    -     0     0    1390    (-,-) 
  tx_bit_cnt_reg[2]/Q  -       CP->Q  F     DFCND1         7 36.0   247   644    2033    (-,-) 
  g1283__1394/ZN       -       A2->ZN R     NR2D2          3 13.3   227   199    2232    (-,-) 
  g1257__5122/ZN       -       B1->ZN F     AOI32D1        1  5.2   244   172    2404    (-,-) 
  g61/ZN               -       A2->ZN R     NR2D1          1  3.4   187   167    2571    (-,-) 
  g59/ZN               -       A1->ZN R     IND4D1         1  0.0   166   206    2777    (-,-) 
  miso                 <<<     -      R     (port)         -    -     -     0    2777    (-,-) 
#----------------------------------------------------------------------------------------------

