============================================================
  Generated by:           Genus(TM) Synthesis Solution 21.14-s082_1
  Generated on:           Sep 09 2026  06:17:41 pm
  Module:                 spi_slave
  Operating conditions:   NCCOM (balanced_tree)
  Wireload mode:          segmented
  Area mode:              timing library
============================================================


Path 1: MET (98 ps) Late External Delay Assertion at pin miso
          Group: SCLK
     Startpoint: (R) tx_bit_cnt_reg[3]/CP
          Clock: (F) SCLK
       Endpoint: (F) miso
          Clock: (R) SCLK

                     Capture       Launch     
        Clock Edge:+    3571         1786     
       Src Latency:+       0            0     
       Net Latency:+       0 (I)        0 (I) 
           Arrival:=    3571         1786     
                                              
      Output Delay:-       0                  
     Required Time:=    3571                  
      Launch Clock:-    1786                  
         Data Path:-    1687                  
             Slack:=      98                  

Exceptions/Constraints:
  output_delay              0              ou_del 

#----------------------------------------------------------------------------------------------
#    Timing Point      Flags    Arc   Edge   Cell     Fanout Load Trans Delay Arrival Instance 
#                                                            (fF)  (ps)  (ps)   (ps)  Location 
#----------------------------------------------------------------------------------------------
  tx_bit_cnt_reg[3]/CP -       -      R     (arrival)      4    -     0     0    1786    (-,-) 
  tx_bit_cnt_reg[3]/Q  -       CP->Q  F     DFCNQD1        3 12.8   121   553    2338    (-,-) 
  g1291__6260/Z        -       A1->Z  F     AN2D1          7 34.8   246   312    2650    (-,-) 
  g1270__9945/Z        -       B1->Z  F     AO22D1         1  5.1   119   312    2962    (-,-) 
  g1260__6783/ZN       -       A3->ZN R     ND3D1          1  5.3   187   140    3102    (-,-) 
  g1255__6260/ZN       -       B->ZN  F     OAI31D1        1  3.3   199   128    3230    (-,-) 
  g1233__2398/ZN       -       A1->ZN F     IIND4D0        1  0.0   169   243    3473    (-,-) 
  miso                 <<<     -      F     (port)         -    -     -     0    3473    (-,-) 
#----------------------------------------------------------------------------------------------

