============================================================
  Generated by:           Genus(TM) Synthesis Solution 21.14-s082_1
  Generated on:           Sep 09 2026  03:48:53 pm
  Module:                 spi_slave
  Operating conditions:   NCCOM (balanced_tree)
  Wireload mode:          segmented
  Area mode:              timing library
============================================================


Path 1: MET (1580 ps) Late External Delay Assertion at pin miso
          Group: SCLK
     Startpoint: (R) tx_bit_cnt_reg[2]/CP
          Clock: (F) SCLK
       Endpoint: (F) miso
          Clock: (R) SCLK

                     Capture       Launch     
        Clock Edge:+    6667         3334     
       Src Latency:+       0            0     
       Net Latency:+       0 (I)        0 (I) 
           Arrival:=    6667         3334     
                                              
      Output Delay:-       0                  
     Required Time:=    6667                  
      Launch Clock:-    3334                  
         Data Path:-    1753                  
             Slack:=    1580                  

Exceptions/Constraints:
  output_delay              0              ou_del 

#----------------------------------------------------------------------------------------------
#    Timing Point      Flags    Arc   Edge   Cell     Fanout Load Trans Delay Arrival Instance 
#                                                            (fF)  (ps)  (ps)   (ps)  Location 
#----------------------------------------------------------------------------------------------
  tx_bit_cnt_reg[2]/CP -       -      R     (arrival)      4    -     0     0    3334    (-,-) 
  tx_bit_cnt_reg[2]/QN -       CP->QN R     DFCND1         6 30.4   369   809    4142    (-,-) 
  g1272__6417/ZN       -       A2->ZN F     NR2D1          3 16.8   201   137    4279    (-,-) 
  g1258__5122/ZN       -       B1->ZN R     AOI32D1        1  5.0   432   306    4586    (-,-) 
  g1246__5526/ZN       -       A1->ZN F     OAI22D1        1  4.1   175   122    4708    (-,-) 
  g1236__5107/ZN       -       A4->ZN R     NR4D0          1  2.7   353   302    5010    (-,-) 
  g1233__2398/ZN       -       A1->ZN F     ND2D0          1  0.0   116    77    5087    (-,-) 
  miso                 <<<     -      F     (port)         -    -     -     0    5087    (-,-) 
#----------------------------------------------------------------------------------------------

