============================================================
  Generated by:           Genus(TM) Synthesis Solution 21.14-s082_1
  Generated on:           Sep 09 2026  03:19:46 pm
  Module:                 spi_slave
  Operating conditions:   NCCOM (balanced_tree)
  Wireload mode:          segmented
  Area mode:              timing library
============================================================


Path 1: MET (8054 ps) Late External Delay Assertion at pin miso
          Group: SCLK
     Startpoint: (R) tx_bit_cnt_reg[1]/CP
          Clock: (F) SCLK
       Endpoint: (F) miso
          Clock: (R) SCLK

                     Capture       Launch     
        Clock Edge:+   20000        10000     
       Src Latency:+       0            0     
       Net Latency:+       0 (I)        0 (I) 
           Arrival:=   20000        10000     
                                              
      Output Delay:-       0                  
     Required Time:=   20000                  
      Launch Clock:-   10000                  
         Data Path:-    1946                  
             Slack:=    8054                  

Exceptions/Constraints:
  output_delay              0              ou_del 

#----------------------------------------------------------------------------------------------
#    Timing Point      Flags    Arc   Edge   Cell     Fanout Load Trans Delay Arrival Instance 
#                                                            (fF)  (ps)  (ps)   (ps)  Location 
#----------------------------------------------------------------------------------------------
  tx_bit_cnt_reg[1]/CP -       -      R     (arrival)      4    -     0     0   10000    (-,-) 
  tx_bit_cnt_reg[1]/QN -       CP->QN R     DFCND1         5 22.4   285   762   10762    (-,-) 
  g1322__5526/ZN       -       A1->ZN R     IND2D1         3 14.2   235   259   11021    (-,-) 
  g1307__7410/ZN       -       A1->ZN F     NR2D1          3 16.8   215   115   11136    (-,-) 
  g1293__1705/ZN       -       B1->ZN R     AOI32D1        1  5.0   432   308   11444    (-,-) 
  g1281__5526/ZN       -       A1->ZN F     OAI22D1        1  4.1   175   122   11566    (-,-) 
  g1271__5107/ZN       -       A4->ZN R     NR4D0          1  2.7   354   302   11869    (-,-) 
  g1268__2398/ZN       -       A1->ZN F     ND2D0          1  0.0   116    77   11946    (-,-) 
  miso                 <<<     -      F     (port)         -    -     -     0   11946    (-,-) 
#----------------------------------------------------------------------------------------------

