============================================================
  Generated by:           Genus(TM) Synthesis Solution 21.14-s082_1
  Generated on:           Sep 09 2026  03:44:49 pm
  Module:                 spi_slave
  Operating conditions:   NCCOM (balanced_tree)
  Wireload mode:          segmented
  Area mode:              timing library
============================================================


Path 1: MET (3185 ps) Late External Delay Assertion at pin miso
          Group: SCLK
     Startpoint: (R) tx_bit_cnt_reg[2]/CP
          Clock: (F) SCLK
       Endpoint: (F) miso
          Clock: (R) SCLK

                     Capture       Launch     
        Clock Edge:+   10000         5000     
       Src Latency:+       0            0     
       Net Latency:+       0 (I)        0 (I) 
           Arrival:=   10000         5000     
                                              
      Output Delay:-       0                  
     Required Time:=   10000                  
      Launch Clock:-    5000                  
         Data Path:-    1815                  
             Slack:=    3185                  

Exceptions/Constraints:
  output_delay              0              ou_del 

#----------------------------------------------------------------------------------------------
#    Timing Point      Flags    Arc   Edge   Cell     Fanout Load Trans Delay Arrival Instance 
#                                                            (fF)  (ps)  (ps)   (ps)  Location 
#----------------------------------------------------------------------------------------------
  tx_bit_cnt_reg[2]/CP -       -      R     (arrival)      4    -     0     0    5000    (-,-) 
  tx_bit_cnt_reg[2]/QN -       CP->QN R     DFCND1         7 35.7   424   840    5840    (-,-) 
  g1307__7410/ZN       -       A2->ZN F     NR2D1          3 16.8   215   137    5978    (-,-) 
  g1293__1705/ZN       -       B1->ZN R     AOI32D1        1  5.0   432   308    6286    (-,-) 
  g1281__5526/ZN       -       A1->ZN F     OAI22D1        1  4.1   175   122    6408    (-,-) 
  g1271__5107/ZN       -       A4->ZN R     NR4D0          1  3.1   369   311    6719    (-,-) 
  g1268__2398/ZN       -       A1->ZN F     CKND2D0        1  0.0   124    96    6815    (-,-) 
  miso                 <<<     -      F     (port)         -    -     -     0    6815    (-,-) 
#----------------------------------------------------------------------------------------------

