============================================================
  Generated by:           Genus(TM) Synthesis Solution 21.14-s082_1
  Generated on:           Sep 09 2026  06:41:02 pm
  Module:                 spi_slave
  Operating conditions:   NCCOM (balanced_tree)
  Wireload mode:          segmented
  Area mode:              timing library
============================================================


Path 1: VIOLATED (-11 ps) Late External Delay Assertion at pin miso
          Group: SCLK
     Startpoint: (R) tx_bit_cnt_reg[0]/CP
          Clock: (F) SCLK
       Endpoint: (R) miso
          Clock: (R) SCLK

                     Capture       Launch     
        Clock Edge:+    2632         1316     
       Src Latency:+       0            0     
       Net Latency:+       0 (I)        0 (I) 
           Arrival:=    2632         1316     
                                              
      Output Delay:-       0                  
     Required Time:=    2632                  
      Launch Clock:-    1316                  
         Data Path:-    1327                  
             Slack:=     -11                  

Exceptions/Constraints:
  output_delay              0              ou_del 

#----------------------------------------------------------------------------------------------
#    Timing Point      Flags    Arc   Edge   Cell     Fanout Load Trans Delay Arrival Instance 
#                                                            (fF)  (ps)  (ps)   (ps)  Location 
#----------------------------------------------------------------------------------------------
  tx_bit_cnt_reg[0]/CP -       -      R     (arrival)      4    -     0     0    1316    (-,-) 
  tx_bit_cnt_reg[0]/Q  -       CP->Q  F     DFCNQD4        5 32.4   102   594    1910    (-,-) 
  g1468/ZN             -       I->ZN  R     INVD2          3 16.7   123   100    2009    (-,-) 
  g10/ZN               -       A1->ZN F     ND2D2          2 13.6   112    86    2095    (-,-) 
  g9/ZN                -       I->ZN  R     CKND2          1  4.5    62    57    2152    (-,-) 
  g35/ZN               -       A1->ZN F     ND4D1          1  5.7   251   138    2290    (-,-) 
  g1471/ZN             -       A1->ZN F     INR3D1         1  2.8   132   256    2546    (-,-) 
  g7297/ZN             -       A1->ZN R     ND4D0          1  0.0   185    97    2643    (-,-) 
  miso                 <<<     -      R     (port)         -    -     -     0    2643    (-,-) 
#----------------------------------------------------------------------------------------------

