============================================================
  Generated by:           Genus(TM) Synthesis Solution 21.14-s082_1
  Generated on:           Sep 09 2026  04:26:01 pm
  Module:                 spi_slave
  Operating conditions:   NCCOM (balanced_tree)
  Wireload mode:          segmented
  Area mode:              timing library
============================================================


Path 1: MET (191 ps) Late External Delay Assertion at pin miso
          Group: SCLK
     Startpoint: (R) tx_bit_cnt_reg[3]/CP
          Clock: (F) SCLK
       Endpoint: (R) miso
          Clock: (R) SCLK

                     Capture       Launch     
        Clock Edge:+    3818         1909     
       Src Latency:+       0            0     
       Net Latency:+       0 (I)        0 (I) 
           Arrival:=    3818         1909     
                                              
      Output Delay:-       0                  
     Required Time:=    3818                  
      Launch Clock:-    1909                  
         Data Path:-    1718                  
             Slack:=     191                  

Exceptions/Constraints:
  output_delay              0              ou_del 

#----------------------------------------------------------------------------------------------
#    Timing Point      Flags    Arc   Edge   Cell     Fanout Load Trans Delay Arrival Instance 
#                                                            (fF)  (ps)  (ps)   (ps)  Location 
#----------------------------------------------------------------------------------------------
  tx_bit_cnt_reg[3]/CP -       -      R     (arrival)      4    -     0     0    1909    (-,-) 
  tx_bit_cnt_reg[3]/Q  -       CP->Q  R     DFCNQD1        3 13.2   193   510    2419    (-,-) 
  g1294__5526/Z        -       A1->Z  R     AN2D1          7 32.9   402   404    2824    (-,-) 
  g1270__2346/ZN       -       A1->ZN F     ND2D1          1  5.0   151   100    2923    (-,-) 
  g1259__3680/ZN       -       A2->ZN R     AOI211D1       1  5.1   490   288    3212    (-,-) 
  g1254__4319/ZN       -       A2->ZN F     NR2D1          1  5.2   174    68    3280    (-,-) 
  g1245__6260/ZN       -       B->ZN  R     OAI211D1       1  3.7   247   159    3440    (-,-) 
  g1236__5107/ZN       -       A1->ZN F     NR3D0          1  3.2   210   102    3542    (-,-) 
  g1233__2398/ZN       -       A1->ZN R     CKND2D0        1  0.0    95    86    3627    (-,-) 
  miso                 <<<     -      R     (port)         -    -     -     0    3627    (-,-) 
#----------------------------------------------------------------------------------------------

