============================================================
  Generated by:           Genus(TM) Synthesis Solution 21.14-s082_1
  Generated on:           Sep 09 2026  06:43:19 pm
  Module:                 spi_slave
  Operating conditions:   NCCOM (balanced_tree)
  Wireload mode:          segmented
  Area mode:              timing library
============================================================


Path 1: MET (0 ps) Late External Delay Assertion at pin miso
          Group: SCLK
     Startpoint: (R) tx_bit_cnt_reg[3]/CP
          Clock: (F) SCLK
       Endpoint: (R) miso
          Clock: (R) SCLK

                     Capture       Launch     
        Clock Edge:+    2667         1334     
       Src Latency:+       0            0     
       Net Latency:+       0 (I)        0 (I) 
           Arrival:=    2667         1334     
                                              
      Output Delay:-       0                  
     Required Time:=    2667                  
      Launch Clock:-    1334                  
         Data Path:-    1333                  
             Slack:=       0                  

Exceptions/Constraints:
  output_delay              0              ou_del 

#----------------------------------------------------------------------------------------------
#    Timing Point      Flags    Arc   Edge   Cell     Fanout Load Trans Delay Arrival Instance 
#                                                            (fF)  (ps)  (ps)   (ps)  Location 
#----------------------------------------------------------------------------------------------
  tx_bit_cnt_reg[3]/CP -       -      R     (arrival)      4    -     0     0    1334    (-,-) 
  tx_bit_cnt_reg[3]/Q  -       CP->Q  F     DFCNQD2        3 20.7   115   566    1900    (-,-) 
  g63/ZN               -       A1->ZN R     NR2D2          4 20.1   287   192    2092    (-,-) 
  g205/ZN              -       I->ZN  F     INVD1          3 14.0   146   102    2194    (-,-) 
  g102/ZN              -       I->ZN  R     CKND1          1  5.2   103    90    2285    (-,-) 
  g99/ZN               -       B2->ZN F     AOI33D1        1  2.9   312   202    2487    (-,-) 
  g1397/ZN             -       A4->ZN R     ND4D0          1  0.0   204   179    2667    (-,-) 
  miso                 <<<     -      R     (port)         -    -     -     0    2667    (-,-) 
#----------------------------------------------------------------------------------------------

