============================================================
  Generated by:           Genus(TM) Synthesis Solution 21.14-s082_1
  Generated on:           Sep 09 2026  03:55:05 pm
  Module:                 spi_slave
  Operating conditions:   NCCOM (balanced_tree)
  Wireload mode:          segmented
  Area mode:              timing library
============================================================


Path 1: MET (752 ps) Late External Delay Assertion at pin miso
          Group: SCLK
     Startpoint: (R) tx_bit_cnt_reg[3]/CP
          Clock: (F) SCLK
       Endpoint: (R) miso
          Clock: (R) SCLK

                     Capture       Launch     
        Clock Edge:+    5000         2500     
       Src Latency:+       0            0     
       Net Latency:+       0 (I)        0 (I) 
           Arrival:=    5000         2500     
                                              
      Output Delay:-       0                  
     Required Time:=    5000                  
      Launch Clock:-    2500                  
         Data Path:-    1748                  
             Slack:=     752                  

Exceptions/Constraints:
  output_delay              0              ou_del 

#----------------------------------------------------------------------------------------------
#    Timing Point      Flags    Arc   Edge   Cell     Fanout Load Trans Delay Arrival Instance 
#                                                            (fF)  (ps)  (ps)   (ps)  Location 
#----------------------------------------------------------------------------------------------
  tx_bit_cnt_reg[3]/CP -       -      R     (arrival)      4    -     0     0    2500    (-,-) 
  tx_bit_cnt_reg[3]/Q  -       CP->Q  R     DFCNQD1        3 13.2   193   510    3010    (-,-) 
  g1290__5107/Z        -       A1->Z  R     AN2D1          7 33.9   412   410    3421    (-,-) 
  g1266__7482/ZN       -       B1->ZN F     AOI22D1        1  5.2   246   164    3584    (-,-) 
  g1254__8428/ZN       -       B1->ZN R     OAI33D1        1  3.6   749   476    4060    (-,-) 
  g1236__5107/ZN       -       A1->ZN F     NR4D0          1  3.2   213   102    4162    (-,-) 
  g1233__2398/ZN       -       A1->ZN R     CKND2D0        1  0.0    95    86    4248    (-,-) 
  miso                 <<<     -      R     (port)         -    -     -     0    4248    (-,-) 
#----------------------------------------------------------------------------------------------

