============================================================
  Generated by:           Genus(TM) Synthesis Solution 21.14-s082_1
  Generated on:           Sep 09 2026  06:25:27 pm
  Module:                 spi_slave
  Operating conditions:   NCCOM (balanced_tree)
  Wireload mode:          segmented
  Area mode:              timing library
============================================================


Path 1: MET (2 ps) Late External Delay Assertion at pin miso
          Group: SCLK
     Startpoint: (R) tx_bit_cnt_reg[3]/CP
          Clock: (F) SCLK
       Endpoint: (F) miso
          Clock: (R) SCLK

                     Capture       Launch     
        Clock Edge:+    2857         1429     
       Src Latency:+       0            0     
       Net Latency:+       0 (I)        0 (I) 
           Arrival:=    2857         1429     
                                              
      Output Delay:-       0                  
     Required Time:=    2857                  
      Launch Clock:-    1429                  
         Data Path:-    1426                  
             Slack:=       2                  

Exceptions/Constraints:
  output_delay              0              ou_del 

#----------------------------------------------------------------------------------------------
#    Timing Point      Flags    Arc   Edge   Cell     Fanout Load Trans Delay Arrival Instance 
#                                                            (fF)  (ps)  (ps)   (ps)  Location 
#----------------------------------------------------------------------------------------------
  tx_bit_cnt_reg[3]/CP -       -      R     (arrival)      4    -     0     0    1429    (-,-) 
  tx_bit_cnt_reg[3]/Q  -       CP->Q  R     DFCNQD2        4 25.2   183   540    1969    (-,-) 
  g7/ZN                -       I->ZN  F     INVD1          1  9.1   102    77    2046    (-,-) 
  g6/ZN                -       B1->ZN R     IND2D2         1 13.0   146    96    2141    (-,-) 
  g10/ZN               -       I->ZN  F     CKND3          5 24.0   122   107    2248    (-,-) 
  g1438/ZN             -       A1->ZN R     ND2D1          1  4.6   132    94    2342    (-,-) 
  g1384/ZN             -       A1->ZN F     ND2D1          1  5.6   105    84    2427    (-,-) 
  g1451/ZN             -       B1->ZN F     MOAI22D1       1  3.3   157   195    2622    (-,-) 
  g47/ZN               -       A1->ZN F     IIND4D0        1  0.0   169   232    2855    (-,-) 
  miso                 <<<     -      F     (port)         -    -     -     0    2855    (-,-) 
#----------------------------------------------------------------------------------------------

