============================================================
  Generated by:           Genus(TM) Synthesis Solution 21.14-s082_1
  Generated on:           Sep 09 2026  06:20:54 pm
  Module:                 spi_slave
  Operating conditions:   NCCOM (balanced_tree)
  Wireload mode:          segmented
  Area mode:              timing library
============================================================


Path 1: MET (15 ps) Late External Delay Assertion at pin miso
          Group: SCLK
     Startpoint: (R) tx_bit_cnt_reg[1]/CP
          Clock: (F) SCLK
       Endpoint: (R) miso
          Clock: (R) SCLK

                     Capture       Launch     
        Clock Edge:+    3333         1666     
       Src Latency:+       0            0     
       Net Latency:+       0 (I)        0 (I) 
           Arrival:=    3333         1666     
                                              
      Output Delay:-       0                  
     Required Time:=    3333                  
      Launch Clock:-    1666                  
         Data Path:-    1652                  
             Slack:=      15                  

Exceptions/Constraints:
  output_delay              0              ou_del 

#----------------------------------------------------------------------------------------------
#    Timing Point      Flags    Arc   Edge   Cell     Fanout Load Trans Delay Arrival Instance 
#                                                            (fF)  (ps)  (ps)   (ps)  Location 
#----------------------------------------------------------------------------------------------
  tx_bit_cnt_reg[1]/CP -       -      R     (arrival)      4    -     0     0    1666    (-,-) 
  tx_bit_cnt_reg[1]/Q  -       CP->Q  R     DFCNQD1        5 20.1   263   552    2219    (-,-) 
  g1291__3680/ZN       -       A1->ZN F     ND2D1          3 13.5   188   143    2361    (-,-) 
  g1276__2398/ZN       -       A1->ZN R     NR2D1          3 15.6   418   283    2644    (-,-) 
  g1250__5122/ZN       -       B1->ZN F     AOI32D1        1  4.9   291   196    2840    (-,-) 
  g1243__4319/ZN       -       B1->ZN R     OAI22D1        1  3.4   387   282    3122    (-,-) 
  g1235__2398/ZN       -       A2->ZN R     IIND4D0        1  0.0   183   196    3318    (-,-) 
  miso                 <<<     -      R     (port)         -    -     -     0    3318    (-,-) 
#----------------------------------------------------------------------------------------------

