============================================================
  Generated by:           Genus(TM) Synthesis Solution 21.14-s082_1
  Generated on:           Sep 09 2026  04:16:42 pm
  Module:                 spi_slave
  Operating conditions:   NCCOM (balanced_tree)
  Wireload mode:          segmented
  Area mode:              timing library
============================================================


Path 1: MET (12 ps) Setup Check with Pin rx_data_reg[1]/CP->SE
          Group: SCLK
     Startpoint: (R) rx_bit_cnt_reg[0]/CP
          Clock: (R) SCLK
       Endpoint: (R) rx_data_reg[1]/SE
          Clock: (R) SCLK

                     Capture       Launch     
        Clock Edge:+    3846            0     
       Src Latency:+       0            0     
       Net Latency:+       0 (I)        0 (I) 
           Arrival:=    3846            0     
                                              
             Setup:-    1011                  
     Required Time:=    2835                  
      Launch Clock:-       0                  
         Data Path:-    2823                  
             Slack:=      12                  

#-----------------------------------------------------------------------------------------------
#    Timing Point      Flags    Arc   Edge   Cell     Fanout  Load Trans Delay Arrival Instance 
#                                                             (fF)  (ps)  (ps)   (ps)  Location 
#-----------------------------------------------------------------------------------------------
  rx_bit_cnt_reg[0]/CP -       -      R     (arrival)     37     -     0     0       0    (-,-) 
  rx_bit_cnt_reg[0]/Q  -       CP->Q  R     DFCND1         2   8.3   148   484     484    (-,-) 
  g1287__8428/Z        -       A2->Z  R     AN2D1          3  14.2   210   285     768    (-,-) 
  g1260__1666/ZN       -       A1->ZN F     ND2D1          3  14.5   185   142     910    (-,-) 
  g1245__1881/ZN       -       A1->ZN R     NR2D1          3  13.3   372   257    1167    (-,-) 
  g1238__1617/Z        -       A1->Z  R     AN2D0         16 124.8  2668  1656    2823    (-,-) 
  rx_data_reg[1]/SE    <<<     -      R     SDFQD1        16     -     -     0    2823    (-,-) 
#-----------------------------------------------------------------------------------------------

